<html>
<body>
<pre>
<h1>礦ision Build Log</h1>
<h2>Tool Versions:</h2>
IDE-Version: μVision V5.24.2.0
Copyright (C) 2017 ARM Ltd and ARM Germany GmbH. All rights reserved.
License Information: 1 lly的电, HP Inc., LIC=47GU5-GZ7AJ-12ULE-5QHRR-JNC0S-SVAYD
 
Tool Versions:
Toolchain:       MDK-ARM Plus  Version: 5.24.1
Toolchain Path:  E:\keil\keil_MDK\ARM\ARMCC\Bin
C Compiler:      Armcc.exe V5.06 update 5 (build 528)
Assembler:       Armasm.exe V5.06 update 5 (build 528)
Linker/Locator:  ArmLink.exe V5.06 update 5 (build 528)
Library Manager: ArmAr.exe V5.06 update 5 (build 528)
Hex Converter:   FromElf.exe V5.06 update 5 (build 528)
CPU DLL:         SARMCM3.DLL V5.24.1
Dialog DLL:      DCM.DLL V1.16.0.0
Target DLL:      Segger\JL2CM3.dll V2.99.26.0
Dialog DLL:      TCM.DLL V1.32.0.0
 
<h2>Project:</h2>
E:\电赛无人机\凌霄\5.飞控MCU源码工程\ANO_LX_FC-2021-7-18 121043\ANO_LX_FC\ProjectSTM32F407\ANO_LX_STM32F407.uvprojx
Project File Date:  04/15/2026

<h2>Output:</h2>
*** Using Compiler 'V5.06 update 5 (build 528)', folder: 'E:\keil\keil_MDK\ARM\ARMCC\Bin'
Build target 'Ano_LX'
compiling main.c...
compiling Ano_Scheduler.c...
compiling LX_FC_EXT_Sensor.c...
compiling LX_FC_Fun.c...
compiling Drv_PwmOut.c...
compiling Drv_BSP.c...
assembling startup_stm32f4xx.s...
compiling system_stm32f4xx.c...
compiling Drv_RcIn.c...
compiling Drv_Sys.c...
compiling ANO_LX.c...
compiling LX_FC_State.c...
compiling Drv_AnoOf.c...
compiling stm32f4xx_adc.c...
compiling Drv_led.c...
compiling misc.c...
compiling Drv_UbloxGPS.c...
compiling stm32f4xx_it.c...
compiling User_Task.c...
..\FcSrc\User_Task.c(12): warning:  #550-D: variable "mission_step"  was set but never used
      static u8 mission_step;
..\FcSrc\User_Task.c: 1 warning, 0 errors
compiling Drv_Timer.c...
compiling Drv_adc.c...
compiling Drv_Uart.c...
compiling Ano_Math.c...
compiling ANO_DT_LX.c...
compiling stm32f4xx_dma.c...
compiling stm32f4xx_exti.c...
compiling stm32f4xx_flash.c...
compiling stm32f4xx_gpio.c...
compiling stm32f4xx_rcc.c...
compiling stm32f4xx_spi.c...
compiling stm32f4xx_usart.c...
compiling stm32f4xx_tim.c...
linking...
Program Size: Code=49580 RO-data=2112 RW-data=424 ZI-data=6248  
FromELF: creating hex file...
After Build - User command #1: fromelf.exe --bin -o ./ANO-LX.bin ./build/Ano_LX.axf
".\build\ANO_LX.axf" - 0 Error(s), 1 Warning(s).

<h2>Software Packages used:</h2>

Package Vendor: Keil
                http://www.keil.com/pack/Keil.STM32F4xx_DFP.2.2.0.pack
                Keil.STM32F4xx_DFP.2.2.0
                STMicroelectronics STM32F4 Series Device Support, Drivers and Examples

<h2>Collection of Component include folders:</h2>
  .\RTE\_Ano_LX
  E:\keil\keil_MDK\ARM\PACK\Keil\STM32F4xx_DFP\2.2.0\Drivers\CMSIS\Device\ST\STM32F4xx\Include

<h2>Collection of Component Files used:</h2>
Build Time Elapsed:  00:00:05
</pre>
</body>
</html>
