Component: ARM Compiler 5.06 update 5 (build 528) Tool: armlink [4d35e2]

==============================================================================

Section Cross References

    main.o(.text) refers to drv_bsp.o(.text) for All_Init
    main.o(.text) refers to ano_scheduler.o(.text) for Scheduler_Setup
    ano_scheduler.o(.text) refers to user_task.o(.text) for UserTask_OneKeyCmd
    ano_scheduler.o(.text) refers to drv_sys.o(.text) for GetSysRunTimeMs
    ano_scheduler.o(.text) refers to ano_scheduler.o(.data) for sched_tasks
    ano_scheduler.o(.data) refers to ano_scheduler.o(.text) for Loop_1000Hz
    user_task.o(.text) refers to lx_fc_fun.o(.text) for OneKey_Takeoff
    user_task.o(.text) refers to drv_bsp.o(.bss) for rc_in
    user_task.o(.text) refers to user_task.o(.data) for one_key_takeoff_f
    ano_dt_lx.o(.text) refers to drv_uart.o(.text) for DrvUart5SendBuf
    ano_dt_lx.o(.text) refers to ano_dt_lx.o(.bss) for dt
    ano_dt_lx.o(.text) refers to ano_lx.o(.bss) for pwm_to_esc
    ano_dt_lx.o(.text) refers to drv_led.o(.data) for led
    ano_dt_lx.o(.text) refers to lx_fc_state.o(.bss) for fc_sta
    ano_dt_lx.o(.text) refers to ano_lx.o(.data) for fc_vel
    ano_dt_lx.o(.text) refers to ano_dt_lx.o(.data) for rxstate
    ano_dt_lx.o(.text) refers to lx_fc_ext_sensor.o(.bss) for ext_sens
    ano_dt_lx.o(.text) refers to drv_bsp.o(.bss) for rc_in
    ano_lx.o(.text) refers to lx_fc_fun.o(.text) for LX_Change_Mode
    ano_lx.o(.text) refers to ano_math.o(.text) for my_deadzone
    ano_lx.o(.text) refers to drv_pwmout.o(.text) for DrvMotorPWMSet
    ano_lx.o(.text) refers to drv_adc.o(.text) for Drv_AdcGetBatVot
    ano_lx.o(.text) refers to drv_bsp.o(.text) for DrvRcInputTask
    ano_lx.o(.text) refers to drv_bsp.o(.bss) for rc_in
    ano_lx.o(.text) refers to ano_lx.o(.data) for mod_f
    ano_lx.o(.text) refers to lx_fc_state.o(.data) for sti_fun
    ano_lx.o(.text) refers to ano_lx.o(.bss) for rt_tar
    ano_lx.o(.text) refers to ano_dt_lx.o(.bss) for dt
    ano_lx.o(.text) refers to lx_fc_state.o(.bss) for fc_sta
    ano_lx.o(.text) refers to lx_fc_state.o(.text) for LX_FC_State_Task
    ano_lx.o(.text) refers to drv_anoof.o(.text) for AnoOF_Check_State
    ano_lx.o(.text) refers to drv_uart.o(.text) for DrvUartDataCheck
    ano_lx.o(.text) refers to drv_ubloxgps.o(.text) for GPS_Data_Prepare_Task
    ano_lx.o(.text) refers to lx_fc_ext_sensor.o(.text) for LX_FC_EXT_Sensor_Task
    ano_lx.o(.text) refers to ano_dt_lx.o(.text) for ANO_LX_Data_Exchange_Task
    ano_lx.o(.text) refers to drv_led.o(.text) for LED_1ms_DRV
    lx_fc_ext_sensor.o(.text) refers to drv_anoof.o(.bss) for ano_of
    lx_fc_ext_sensor.o(.text) refers to lx_fc_ext_sensor.o(.data) for of_alt_update_cnt
    lx_fc_ext_sensor.o(.text) refers to lx_fc_ext_sensor.o(.bss) for ext_sens
    lx_fc_ext_sensor.o(.text) refers to ano_dt_lx.o(.bss) for dt
    lx_fc_fun.o(.text) refers to ano_dt_lx.o(.text) for CMD_Send
    lx_fc_fun.o(.text) refers to lx_fc_state.o(.bss) for fc_sta
    lx_fc_fun.o(.text) refers to ano_dt_lx.o(.bss) for dt
    lx_fc_fun.o(.text) refers to lx_fc_fun.o(.data) for old_mode
    lx_fc_state.o(.text) refers to lx_fc_fun.o(.text) for FC_Unlock
    lx_fc_state.o(.text) refers to drv_bsp.o(.bss) for rc_in
    lx_fc_state.o(.text) refers to lx_fc_state.o(.data) for sti_fun
    lx_fc_state.o(.text) refers to lx_fc_state.o(.bss) for fc_sta
    drv_bsp.o(.text) refers to drv_rcin.o(.text) for DrvRcPpmInit
    drv_bsp.o(.text) refers to drv_sys.o(.text) for DrvSysInit
    drv_bsp.o(.text) refers to drv_led.o(.text) for DvrLedInit
    drv_bsp.o(.text) refers to drv_pwmout.o(.text) for DrvPwmOutInit
    drv_bsp.o(.text) refers to drv_uart.o(.text) for DrvUart2Init
    drv_bsp.o(.text) refers to drv_adc.o(.text) for DrvAdcInit
    drv_bsp.o(.text) refers to ano_dt_lx.o(.text) for ANO_DT_Init
    drv_bsp.o(.text) refers to drv_ubloxgps.o(.text) for Init_GPS
    drv_bsp.o(.text) refers to drv_timer.o(.text) for DrvTimerFcInit
    drv_bsp.o(.text) refers to drv_bsp.o(.bss) for rc_in
    drv_bsp.o(.text) refers to drv_bsp.o(.data) for ch_sta
    ano_math.o(.text) refers to cdcmple.o(.text) for __aeabi_cdcmple
    ano_math.o(.text) refers to dmul.o(.text) for __aeabi_dmul
    ano_math.o(.text) refers to dadd.o(.text) for __aeabi_dadd
    ano_math.o(.text) refers to cdrcmple.o(.text) for __aeabi_cdrcmple
    ano_math.o(.text) refers to dflti.o(.text) for __aeabi_i2d
    ano_math.o(.text) refers to d2f.o(.text) for __aeabi_d2f
    ano_math.o(.text) refers to ano_math.o(.constdata) for fast_atan_table
    drv_anoof.o(.text) refers to drv_anoof.o(.bss) for check_time_ms
    drv_anoof.o(.text) refers to drv_anoof.o(.data) for rxstate
    drv_ubloxgps.o(.text) refers to drv_uart.o(.text) for DrvUart1SendBuf
    drv_ubloxgps.o(.text) refers to drv_sys.o(.text) for MyDelayMs
    drv_ubloxgps.o(.text) refers to drv_ubloxgps.o(.data) for pvt_receive_updata
    drv_ubloxgps.o(.text) refers to drv_ubloxgps.o(.bss) for ubx
[...]
    ..\DriversMcu\STM32F407\Libraries\CMSIS\ST\STM32F4xx\Source\Templates\system_stm32f4xx.c 0x00000000   Number         0  system_stm32f4xx.o ABSOLUTE
    ..\DriversMcu\STM32F407\Libraries\STM32F4xx_StdPeriph_Driver\src\misc.c 0x00000000   Number         0  misc.o ABSOLUTE
    ..\DriversMcu\STM32F407\Libraries\STM32F4xx_StdPeriph_Driver\src\stm32f4xx_adc.c 0x00000000   Number         0  stm32f4xx_adc.o ABSOLUTE
    ..\DriversMcu\STM32F407\Libraries\STM32F4xx_StdPeriph_Driver\src\stm32f4xx_dma.c 0x00000000   Number         0  stm32f4xx_dma.o ABSOLUTE
    ..\DriversMcu\STM32F407\Libraries\STM32F4xx_StdPeriph_Driver\src\stm32f4xx_exti.c 0x00000000   Number         0  stm32f4xx_exti.o ABSOLUTE
    ..\DriversMcu\STM32F407\Libraries\STM32F4xx_StdPeriph_Driver\src\stm32f4xx_flash.c 0x00000000   Number         0  stm32f4xx_flash.o ABSOLUTE
    ..\DriversMcu\STM32F407\Libraries\STM32F4xx_StdPeriph_Driver\src\stm32f4xx_gpio.c 0x00000000   Number         0  stm32f4xx_gpio.o ABSOLUTE
    ..\DriversMcu\STM32F407\Libraries\STM32F4xx_StdPeriph_Driver\src\stm32f4xx_rcc.c 0x00000000   Number         0  stm32f4xx_rcc.o ABSOLUTE
    ..\DriversMcu\STM32F407\Libraries\STM32F4xx_StdPeriph_Driver\src\stm32f4xx_spi.c 0x00000000   Number         0  stm32f4xx_spi.o ABSOLUTE
    ..\DriversMcu\STM32F407\Libraries\STM32F4xx_StdPeriph_Driver\src\stm32f4xx_tim.c 0x00000000   Number         0  stm32f4xx_tim.o ABSOLUTE
    ..\DriversMcu\STM32F407\Libraries\STM32F4xx_StdPeriph_Driver\src\stm32f4xx_usart.c 0x00000000   Number         0  stm32f4xx_usart.o ABSOLUTE
    ..\FcSrc\ANO_DT_LX.c                     0x00000000   Number         0  ano_dt_lx.o ABSOLUTE
    ..\FcSrc\ANO_LX.c                        0x00000000   Number         0  ano_lx.o ABSOLUTE
    ..\FcSrc\Ano_Scheduler.c                 0x00000000   Number         0  ano_scheduler.o ABSOLUTE
    ..\FcSrc\LX_FC_EXT_Sensor.c              0x00000000   Number         0  lx_fc_ext_sensor.o ABSOLUTE
    ..\FcSrc\LX_FC_Fun.c                     0x00000000   Number         0  lx_fc_fun.o ABSOLUTE
    ..\FcSrc\LX_FC_State.c                   0x00000000   Number         0  lx_fc_state.o ABSOLUTE
    ..\FcSrc\User_Task.c                     0x00000000   Number         0  user_task.o ABSOLUTE
    ..\FcSrc\main.c                          0x00000000   Number         0  main.o ABSOLUTE
    ..\\DriversBsp\\Ano_Math.c               0x00000000   Number         0  ano_math.o ABSOLUTE
    ..\\DriversBsp\\Drv_AnoOf.c              0x00000000   Number         0  drv_anoof.o ABSOLUTE
    ..\\DriversBsp\\Drv_BSP.c                0x00000000   Number         0  drv_bsp.o ABSOLUTE
    ..\\DriversBsp\\Drv_UbloxGPS.c           0x00000000   Number         0  drv_ubloxgps.o ABSOLUTE
    ..\\DriversMcu\\STM32F407\\Drivers\\Drv_PwmOut.c 0x00000000   Number         0  drv_pwmout.o ABSOLUTE
    ..\\DriversMcu\\STM32F407\\Drivers\\Drv_RcIn.c 0x00000000   Number         0  drv_rcin.o ABSOLUTE
    ..\\DriversMcu\\STM32F407\\Drivers\\Drv_Sys.c 0x00000000   Number         0  drv_sys.o ABSOLUTE
    ..\\DriversMcu\\STM32F407\\Drivers\\Drv_Timer.c 0x00000000   Number         0  drv_timer.o ABSOLUTE
    ..\\DriversMcu\\STM32F407\\Drivers\\Drv_Uart.c 0x00000000   Number         0  drv_uart.o ABSOLUTE
    ..\\DriversMcu\\STM32F407\\Drivers\\Drv_adc.c 0x00000000   Number         0  drv_adc.o ABSOLUTE
    ..\\DriversMcu\\STM32F407\\Drivers\\Drv_led.c 0x00000000   Number         0  drv_led.o ABSOLUTE
    ..\\DriversMcu\\STM32F407\\Drivers\\stm32f4xx_it.c 0x00000000   Number         0  stm32f4xx_it.o ABSOLUTE
    ..\\DriversMcu\\STM32F407\\Libraries\\CMSIS\\ST\\STM32F4xx\\Source\\Templates\\system_stm32f4xx.c 0x00000000   Number         0  system_stm32f4xx.o ABSOLUTE
    ..\\DriversMcu\\STM32F407\\Libraries\\STM32F4xx_StdPeriph_Driver\\src\\misc.c 0x00000000   Number         0  misc.o ABSOLUTE
    ..\\DriversMcu\\STM32F407\\Libraries\\STM32F4xx_StdPeriph_Driver\\src\\stm32f4xx_adc.c 0x00000000   Number         0  stm32f4xx_adc.o ABSOLUTE
    ..\\DriversMcu\\STM32F407\\Libraries\\STM32F4xx_StdPeriph_Driver\\src\\stm32f4xx_dma.c 0x00000000   Number         0  stm32f4xx_dma.o ABSOLUTE
    ..\\DriversMcu\\STM32F407\\Libraries\\STM32F4xx_StdPeriph_Driver\\src\\stm32f4xx_exti.c 0x00000000   Number         0  stm32f4xx_exti.o ABSOLUTE
    ..\\DriversMcu\\STM32F407\\Libraries\\STM32F4xx_StdPeriph_Driver\\src\\stm32f4xx_flash.c 0x00000000   Number         0  stm32f4xx_flash.o ABSOLUTE
    ..\\DriversMcu\\STM32F407\\Libraries\\STM32F4xx_StdPeriph_Driver\\src\\stm32f4xx_gpio.c 0x00000000   Number         0  stm32f4xx_gpio.o ABSOLUTE
    ..\\DriversMcu\\STM32F407\\Libraries\\STM32F4xx_StdPeriph_Driver\\src\\stm32f4xx_rcc.c 0x00000000   Number         0  stm32f4xx_rcc.o ABSOLUTE
    ..\\DriversMcu\\STM32F407\\Libraries\\STM32F4xx_StdPeriph_Driver\\src\\stm32f4xx_spi.c 0x00000000   Number         0  stm32f4xx_spi.o ABSOLUTE
    ..\\DriversMcu\\STM32F407\\Libraries\\STM32F4xx_StdPeriph_Driver\\src\\stm32f4xx_tim.c 0x00000000   Number         0  stm32f4xx_tim.o ABSOLUTE
    ..\\DriversMcu\\STM32F407\\Libraries\\STM32F4xx_StdPeriph_Driver\\src\\stm32f4xx_usart.c 0x00000000   Number         0  stm32f4xx_usart.o ABSOLUTE
    ..\\FcSrc\\ANO_DT_LX.c                   0x00000000   Number         0  ano_dt_lx.o ABSOLUTE
    ..\\FcSrc\\ANO_LX.c                      0x00000000   Number         0  ano_lx.o ABSOLUTE
    ..\\FcSrc\\Ano_Scheduler.c               0x00000000   Number         0  ano_scheduler.o ABSOLUTE
    ..\\FcSrc\\LX_FC_EXT_Sensor.c            0x00000000   Number         0  lx_fc_ext_sensor.o ABSOLUTE
    ..\\FcSrc\\LX_FC_Fun.c                   0x00000000   Number         0  lx_fc_fun.o ABSOLUTE
    ..\\FcSrc\\LX_FC_State.c                 0x00000000   Number         0  lx_fc_state.o ABSOLUTE
    ..\\FcSrc\\User_Task.c                   0x00000000   Number         0  user_task.o ABSOLUTE
    ..\\FcSrc\\main.c                        0x00000000   Number         0  main.o ABSOLUTE
    cdcmple.s                                0x00000000   Number         0  cdcmple.o ABSOLUTE
    cdrcmple.s                               0x00000000   Number         0  cdrcmple.o ABSOLUTE
    dc.s                                     0x00000000   Number         0  dc.o ABSOLUTE
    handlers.s                               0x00000000   Number         0  handlers.o ABSOLUTE
    init.s                                   0x00000000   Number         0  init.o ABSOLUTE
    RESET                                    0x08000000   Section      392  startup_stm32f4xx.o(RESET)
    .ARM.Collect$$$$00000000                 0x08000188   Section        0  entry.o(.ARM.Collect$$$$00000000)
    .ARM.Collect$$$$00000001                 0x08000188   Section        4  entry2.o(.ARM.Collect$$$$00000001)
    .ARM.Collect$$$$00000004                 0x0800018c   Section        4  entry5.o(.ARM.Collect$$$$00000004)
    .ARM.Collect$$$$00000008                 0x08000190   Section        0  entry7b.o(.ARM.Collect$$$$00000008)
    .ARM.Collect$$$$0000000A                 0x08000190   Section        0  entry8b.o(.ARM.Collect$$$$0000000A)
    .ARM.Collect$$$$0000000B                 0x08000190   Section        8  entry9a.o(.ARM.Collect$$$$0000000B)
    .ARM.Collect$$$$0000000D                 0x08000198   Section        0  entry10a.o(.ARM.Collect$$$$0000000D)
    .ARM.Collect$$$$0000000F                 0x08000198   Section        0  entry11a.o(.ARM.Collect$$$$0000000F)
    .ARM.Collect$$$$00002712                 0x08000198   Section        4  entry2.o(.ARM.Collect$$$$00002712)
    __lit__00000000                          0x08000198   Data           4  entry2.o(.ARM.Collect$$$$00002712)
    .text                                    0x0800019c   Section        0  main.o(.text)
    .text                                    0x080001b0   Section        0  ano_scheduler.o(.text)
    Loop_1000Hz                              0x080001b1   Thumb Code     2  ano_scheduler.o(.text)
    Loop_500Hz                               0x080001b3   Thumb Code     2  ano_scheduler.o(.text)
    Loop_200Hz                               0x080001b5   Thumb Code     2  ano_scheduler.o(.text)
    Loop_100Hz                               0x080001b7   Thumb Code     2  ano_scheduler.o(.text)
    Loop_50Hz                                0x080001b9   Thumb Code     8  ano_scheduler.o(.text)
    Loop_20Hz                                0x080001c1   Thumb Code     2  ano_scheduler.o(.text)
    Loop_2Hz                                 0x080001c3   Thumb Code     2  ano_scheduler.o(.text)
    .text                                    0x08000260   Section        0  user_task.o(.text)
    .text                                    0x08000328   Section        0  ano_dt_lx.o(.text)
    ANO_DT_LX_Send_Data                      0x080003cf   Thumb Code    16  ano_dt_lx.o(.text)
    ANO_DT_LX_Data_Receive_Anl               0x080003f9   Thumb Code   486  ano_dt_lx.o(.text)
    Add_Send_Data                            0x080006e1   Thumb Code   444  ano_dt_lx.o(.text)
    Frame_Send                               0x0800089d   Thumb Code   190  ano_dt_lx.o(.text)
    Check_To_Send                            0x0800095b   Thumb Code   138  ano_dt_lx.o(.text)
    CK_Back_Check                            0x08000a3f   Thumb Code    90  ano_dt_lx.o(.text)
    .text                                    0x08000abc   Section        0  ano_lx.o(.text)
    RC_Data_Task                             0x08000abd   Thumb Code   594  ano_lx.o(.text)
    ESC_Output                               0x08000d0f   Thumb Code   364  ano_lx.o(.text)
    Bat_Voltage_Data_Handle                  0x08000e7b   Thumb Code    28  ano_lx.o(.text)
    .text                                    0x08000f98   Section        0  lx_fc_ext_sensor.o(.text)
    General_Velocity_Data_Handle             0x08000fe7   Thumb Code   120  lx_fc_ext_sensor.o(.text)
    .text                                    0x0800107c   Section        0  lx_fc_fun.o(.text)
    .text                                    0x08001318   Section        0  lx_fc_state.o(.text)
    LX_Unlock_Lock_Check                     0x08001319   Thumb Code   438  lx_fc_state.o(.text)
    .text                                    0x0800159c   Section        0  drv_bsp.o(.text)
    rcSignalCheck                            0x0800189b   Thumb Code   168  drv_bsp.o(.text)
    .text                                    0x08001a70   Section        0  ano_math.o(.text)
    .text                                    0x080022ec   Section        0  drv_anoof.o(.text)
    AnoOF_DataAnl                            0x080023a1   Thumb Code   364  drv_anoof.o(.text)
    .text                                    0x0800262c   Section        0  drv_ubloxgps.o(.text)
    .text                                    0x080029d4   Section        0  stm32f4xx_it.o(.text)
    .text                                    0x08002a50   Section        0  drv_sys.o(.text)
    .text                                    0x08002b58   Section        0  drv_adc.o(.text)
    initAdcDMA                               0x08002b59   Thumb Code   108  drv_adc.o(.text)
    .text                                    0x08002cec   Section        0  drv_led.o(.text)
    .text                                    0x08002e08   Section        0  drv_pwmout.o(.text)
    .text                                    0x08003184   Section        0  drv_rcin.o(.text)
    .text                                    0x08003368   Section        0  drv_timer.o(.text)
    .text                                    0x080033f4   Section        0  drv_uart.o(.text)
    .text                                    0x08003e44   Section       36  startup_stm32f4xx.o(.text)
    $v0                                      0x08003e44   Number         0  startup_stm32f4xx.o(.text)
    .text                                    0x08003e68   Section        0  system_stm32f4xx.o(.text)
    SetSysClock                              0x08003e69   Thumb Code   220  system_stm32f4xx.o(.text)
    .text                                    0x08004078   Section        0  misc.o(.text)
    .text                                    0x08004238   Section        0  stm32f4xx_adc.o(.text)
    .text                                    0x08005214   Section        0  stm32f4xx_dma.o(.text)
    .text                                    0x0800657c   Section        0  stm32f4xx_exti.o(.text)
    .text                                    0x08006850   Section        0  stm32f4xx_gpio.o(.text)
    .text                                    0x08007118   Section        0  stm32f4xx_rcc.o(.text)
    .text                                    0x08007e14   Section        0  stm32f4xx_tim.o(.text)
    TI4_Config                               0x08009a8d   Thumb Code    80  stm32f4xx_tim.o(.text)
    TI3_Config                               0x08009b71   Thumb Code    72  stm32f4xx_tim.o(.text)
    TI2_Config                               0x08009c2f   Thumb Code    80  stm32f4xx_tim.o(.text)
    TI1_Config                               0x08009d05   Thumb Code    58  stm32f4xx_tim.o(.text)
    .text                                    0x0800b000   Section        0  stm32f4xx_usart.o(.text)
    .text                                    0x0800be24   Section        0  dadd.o(.text)
    .text                                    0x0800bf72   Section        0  dmul.o(.text)
    .text                                    0x0800c056   Section        0  dflti.o(.text)
    .text                                    0x0800c078   Section       48  cdcmple.o(.text)
    .text                                    0x0800c0a8   Section       48  cdrcmple.o(.text)
    .text                                    0x0800c0d8   Section        0  d2f.o(.text)
    .text                                    0x0800c110   Section        0  llshl.o(.text)
    .text                                    0x0800c12e   Section        0  llsshr.o(.text)
    .text                                    0x0800c152   Section        0  iusefp.o(.text)
    .text                                    0x0800c152   Section        0  fepilogue.o(.text)
    .text                                    0x0800c1c0   Section        0  depilogue.o(.text)
    .text                                    0x0800c27c   Section       36  init.o(.text)
    .text                                    0x0800c2a0   Section        0  llushr.o(.text)
    .text                                    0x0800c2c0   Section        0  __dczerorl2.o(.text)
    i.__scatterload_copy                     0x0800c316   Section       14  handlers.o(i.__scatterload_copy)
    i.__scatterload_null                     0x0800c324   Section        2  handlers.o(i.__scatterload_null)
    i.__scatterload_zeroinit                 0x0800c326   Section       14  handlers.o(i.__scatterload_zeroinit)
    .constdata                               0x0800c334   Section     1028  ano_math.o(.constdata)
    .conststring                             0x0800c738   Section       72  misc.o(.conststring)
    .conststring                             0x0800c780   Section       81  stm32f4xx_adc.o(.conststring)
    .conststring                             0x0800c7d4   Section       81  stm32f4xx_dma.o(.conststring)
    .conststring                             0x0800c828   Section       82  stm32f4xx_exti.o(.conststring)
    .conststring                             0x0800c87c   Section       82  stm32f4xx_gpio.o(.conststring)
    .conststring                             0x0800c8d0   Section       81  stm32f4xx_rcc.o(.conststring)
    .conststring                             0x0800c924   Section       81  stm32f4xx_tim.o(.conststring)
    .conststring                             0x0800c978   Section       83  stm32f4xx_usart.o(.conststring)
    .data                                    0x20000000   Section       84  ano_scheduler.o(.data)
    sched_tasks                              0x20000000   Data          84  ano_scheduler.o(.data)
    .data                                    0x20000054   Section        4  user_task.o(.data)
    one_key_takeoff_f                        0x20000054   Data           1  user_task.o(.data)
    one_key_land_f                           0x20000055   Data           1  user_task.o(.data)
    one_key_mission_f                        0x20000056   Data           1  user_task.o(.data)
    mission_step                             0x20000057   Data           1  user_task.o(.data)
    .data                                    0x20000058   Section        6  ano_dt_lx.o(.data)
    DT_data_cnt                              0x20000058   Data           1  ano_dt_lx.o(.data)
    repeat_cnt                               0x20000059   Data           1  ano_dt_lx.o(.data)
    _data_len                                0x2000005a   Data           1  ano_dt_lx.o(.data)
    _data_cnt                                0x2000005b   Data           1  ano_dt_lx.o(.data)
    rxstate                                  0x2000005c   Data           1  ano_dt_lx.o(.data)
    time_dly                                 0x2000005d   Data           1  ano_dt_lx.o(.data)
    .data                                    0x2000005e   Section       30  ano_lx.o(.data)
    fail_safe_change_mod                     0x2000006f   Data           1  ano_lx.o(.data)
    fail_safe_return_home                    0x20000070   Data           1  ano_lx.o(.data)
    mod_f                                    0x20000071   Data           3  ano_lx.o(.data)
    mod_f_time_cnt                           0x20000074   Data           2  ano_lx.o(.data)
    esc_calibrated                           0x20000076   Data           1  ano_lx.o(.data)
    tmp_cnt                                  0x20000078   Data           4  ano_lx.o(.data)
    .data                                    0x2000007c   Section        4  lx_fc_ext_sensor.o(.data)
    of_update_cnt                            0x2000007c   Data           1  lx_fc_ext_sensor.o(.data)
    of_alt_update_cnt                        0x2000007d   Data           1  lx_fc_ext_sensor.o(.data)
    dT_ms                                    0x2000007e   Data           1  lx_fc_ext_sensor.o(.data)
    of_alt_update_cnt                        0x2000007f   Data           1  lx_fc_ext_sensor.o(.data)
    .data                                    0x20000080   Section        1  lx_fc_fun.o(.data)
    old_mode                                 0x20000080   Data           1  lx_fc_fun.o(.data)
    .data                                    0x20000082   Section        6  lx_fc_state.o(.data)
    time_dly_cnt_ms                          0x20000084   Data           2  lx_fc_state.o(.data)
    unlock_lock_flag                         0x20000086   Data           1  lx_fc_state.o(.data)
    cali_f                                   0x20000087   Data           1  lx_fc_state.o(.data)
    .data                                    0x20000088   Section       19  drv_bsp.o(.data)
    ch_sta                                   0x20000088   Data           1  drv_bsp.o(.data)
    sbus_time                                0x2000008c   Data           8  drv_bsp.o(.data)
    cnt                                      0x20000094   Data           1  drv_bsp.o(.data)
    frame_cnt                                0x20000095   Data           1  drv_bsp.o(.data)
    cnt_tmp                                  0x20000096   Data           1  drv_bsp.o(.data)
    time_dly                                 0x20000098   Data           2  drv_bsp.o(.data)
    failsafe                                 0x2000009a   Data           1  drv_bsp.o(.data)
    .data                                    0x2000009b   Section        3  drv_anoof.o(.data)
    _data_len                                0x2000009b   Data           1  drv_anoof.o(.data)
    _data_cnt                                0x2000009c   Data           1  drv_anoof.o(.data)
    rxstate                                  0x2000009d   Data           1  drv_anoof.o(.data)
    .data                                    0x2000009e   Section      182  drv_ubloxgps.o(.data)
    protocol_class                           0x2000014d   Data           1  drv_ubloxgps.o(.data)
    protocol_id                              0x2000014e   Data           1  drv_ubloxgps.o(.data)
    protocol_length_t                        0x2000014f   Data           1  drv_ubloxgps.o(.data)
    protocol_length                          0x20000150   Data           2  drv_ubloxgps.o(.data)
    state                                    0x20000153   Data           1  drv_ubloxgps.o(.data)
    .data                                    0x20000158   Section        8  drv_sys.o(.data)
    SysRunTimeMs                             0x20000158   Data           8  drv_sys.o(.data)
    .data                                    0x20000160   Section       12  drv_led.o(.data)
    led_cnt                                  0x20000164   Data           8  drv_led.o(.data)
    .data                                    0x2000016c   Section        4  drv_rcin.o(.data)
    temp_cnt                                 0x2000016c   Data           4  drv_rcin.o(.data)
    .data                                    0x20000170   Section       20  drv_uart.o(.data)
    .data                                    0x20000184   Section       20  system_stm32f4xx.o(.data)
    .data                                    0x20000198   Section       16  stm32f4xx_rcc.o(.data)
    APBAHBPrescTable                         0x20000198   Data          16  stm32f4xx_rcc.o(.data)
    .bss                                     0x200001a8   Section     1872  ano_dt_lx.o(.bss)
    DT_RxBuffer                              0x200007f8   Data         256  ano_dt_lx.o(.bss)
    .bss                                     0x200008f8   Section       56  ano_lx.o(.bss)
    pwm                                      0x20000920   Data          16  ano_lx.o(.bss)
    .bss                                     0x20000930   Section       48  lx_fc_ext_sensor.o(.bss)
    .bss                                     0x20000960   Section       11  lx_fc_state.o(.bss)
    .bss                                     0x2000096c   Section      107  drv_bsp.o(.bss)
    datatmp                                  0x200009be   Data          25  drv_bsp.o(.bss)
    .bss                                     0x200009d8   Section      124  drv_anoof.o(.bss)
    _datatemp                                0x20000a14   Data          50  drv_anoof.o(.bss)
    check_time_ms                            0x20000a48   Data          12  drv_anoof.o(.bss)
    .bss                                     0x20000a54   Section      100  drv_ubloxgps.o(.bss)
    .bss                                     0x20000ab8   Section      100  drv_adc.o(.bss)
    .bss                                     0x20000b1c   Section     1780  drv_uart.o(.bss)
    STACK                                    0x20001210   Section     2048  startup_stm32f4xx.o(STACK)

    Global Symbols

    Symbol Name                              Value     Ov Type        Size  Object(Section)

    BuildAttributes$$THM_ISAv4$E$P$D$K$B$S$7EM$VFPi3$EXTD16$VFPS$VFMA$PE$A:L22UL41UL21$X:L11$S22US41US21$IEEE1$IW$USESV6$~STKCKD$USESV7$~SHL$OTIME$ROPI$EBA8$MICROLIB$REQ8$PRES8$EABIv2 0x00000000   Number         0  anon$$obj.o ABSOLUTE
    __ARM_use_no_argv                        0x00000000   Number         0  main.o ABSOLUTE
    __cpp_initialize__aeabi_                  - Undefined Weak Reference
    __cxa_finalize                            - Undefined Weak Reference
    _clock_init                               - Undefined Weak Reference
    _microlib_exit                            - Undefined Weak Reference
    __Vectors_Size                           0x00000188   Number         0  startup_stm32f4xx.o ABSOLUTE
    __Vectors                                0x08000000   Data           4  startup_stm32f4xx.o(RESET)
    __Vectors_End                            0x08000188   Data           0  startup_stm32f4xx.o(RESET)
    __main                                   0x08000189   Thumb Code     0  entry.o(.ARM.Collect$$$$00000000)
    _main_stk                                0x08000189   Thumb Code     0  entry2.o(.ARM.Collect$$$$00000001)
    _main_scatterload                        0x0800018d   Thumb Code     0  entry5.o(.ARM.Collect$$$$00000004)
    __main_after_scatterload                 0x08000191   Thumb Code     0  entry5.o(.ARM.Collect$$$$00000004)
    _main_clock                              0x08000191   Thumb Code     0  entry7b.o(.ARM.Collect$$$$00000008)
    _main_cpp_init                           0x08000191   Thumb Code     0  entry8b.o(.ARM.Collect$$$$0000000A)
    _main_init                               0x08000191   Thumb Code     0  entry9a.o(.ARM.Collect$$$$0000000B)
    __rt_final_cpp                           0x08000199   Thumb Code     0  entry10a.o(.ARM.Collect$$$$0000000D)
    __rt_final_exit                          0x08000199   Thumb Code     0  entry11a.o(.ARM.Collect$$$$0000000F)
    assert_failed                            0x0800019d   Thumb Code     4  main.o(.text)
    main                                     0x080001a1   Thumb Code    16  main.o(.text)
    Scheduler_Setup                          0x080001c5   Thumb Code    76  ano_scheduler.o(.text)
    Scheduler_Run                            0x08000211   Thumb Code    76  ano_scheduler.o(.text)
    UserTask_OneKeyCmd                       0x08000261   Thumb Code   178  user_task.o(.text)
    ANO_DT_Init                              0x08000329   Thumb Code   166  ano_dt_lx.o(.text)
    CK_Back                                  0x080003df   Thumb Code    12  ano_dt_lx.o(.text)
    PAR_Back                                 0x080003eb   Thumb Code    14  ano_dt_lx.o(.text)
    ANO_DT_LX_Data_Receive_Prepare           0x080005df   Thumb Code   258  ano_dt_lx.o(.text)
    CMD_Send                                 0x080009e5   Thumb Code    22  ano_dt_lx.o(.text)
    ANO_LX_Data_Exchange_Task                0x080009fb   Thumb Code    68  ano_dt_lx.o(.text)
    ANO_LX_Task                              0x08000e97   Thumb Code   248  ano_lx.o(.text)
    LX_FC_EXT_Sensor_Task                    0x08000f99   Thumb Code    78  lx_fc_ext_sensor.o(.text)
    FC_Unlock                                0x0800107d   Thumb Code    56  lx_fc_fun.o(.text)
    FC_Lock                                  0x080010b5   Thumb Code    56  lx_fc_fun.o(.text)
    LX_Change_Mode                           0x080010ed   Thumb Code    80  lx_fc_fun.o(.text)
    OneKey_Return_Home                       0x0800113d   Thumb Code    50  lx_fc_fun.o(.text)
    OneKey_Takeoff                           0x0800116f   Thumb Code    66  lx_fc_fun.o(.text)
    OneKey_Land                              0x080011b1   Thumb Code    50  lx_fc_fun.o(.text)
    Horizontal_Move                          0x080011e3   Thumb Code    98  lx_fc_fun.o(.text)
    Horizontal_Calibrate                     0x08001245   Thumb Code    50  lx_fc_fun.o(.text)
    Mag_Calibrate                            0x08001277   Thumb Code    50  lx_fc_fun.o(.text)
    ACC_Calibrate                            0x080012a9   Thumb Code    50  lx_fc_fun.o(.text)
    GYR_Calibrate                            0x080012db   Thumb Code    50  lx_fc_fun.o(.text)
    LX_Cali_Trig_Check                       0x080014cf   Thumb Code   150  lx_fc_state.o(.text)
    LX_FC_State_Task                         0x08001565   Thumb Code    26  lx_fc_state.o(.text)
    DrvRcInputInit                           0x0800159d   Thumb Code    20  drv_bsp.o(.text)
    All_Init                                 0x080015b1   Thumb Code    94  drv_bsp.o(.text)
    DrvPpmGetOneCh                           0x0800160f   Thumb Code    92  drv_bsp.o(.text)
    DrvSbusGetOneByte                        0x0800166b   Thumb Code   560  drv_bsp.o(.text)
    DrvRcInputTask                           0x08001943   Thumb Code   284  drv_bsp.o(.text)
    my_abs                                   0x08001a71   Thumb Code    26  ano_math.o(.text)
    fast_atan2                               0x08001a8b   Thumb Code   350  ano_math.o(.text)
    my_atan                                  0x08001be9   Thumb Code    24  ano_math.o(.text)
    my_sqrt_reciprocal                       0x08001c01   Thumb Code    76  ano_math.o(.text)
    my_sqrt                                  0x08001c4d   Thumb Code    20  ano_math.o(.text)
    mx_sin                                   0x08001c61   Thumb Code   292  ano_math.o(.text)
    my_sin                                   0x08001d85   Thumb Code   108  ano_math.o(.text)
    my_cos                                   0x08001df1   Thumb Code   136  ano_math.o(.text)
    my_deadzone                              0x08001e79   Thumb Code   152  ano_math.o(.text)
    my_deadzone_2                            0x08001f11   Thumb Code    48  ano_math.o(.text)
    my_HPF                                   0x08001f41   Thumb Code   346  ano_math.o(.text)
    To_180_degrees_db                        0x0800209b   Thumb Code   108  ano_math.o(.text)
    length_limit                             0x08002107   Thumb Code   140  ano_math.o(.text)
    fifo                                     0x08002193   Thumb Code    42  ano_math.o(.text)
    rot_vec_2                                0x080021bd   Thumb Code    84  ano_math.o(.text)
    vec_2_cross_product                      0x08002211   Thumb Code    26  ano_math.o(.text)
    vec_2_dot_product                        0x0800222b   Thumb Code    26  ano_math.o(.text)
    vec_3_cross_product_err_sinx             0x08002245   Thumb Code    86  ano_math.o(.text)
    vec_3_dot_product                        0x0800229b   Thumb Code    38  ano_math.o(.text)
    AnoOF_Check_State                        0x080022ed   Thumb Code   180  drv_anoof.o(.text)
    AnoOF_GetOneByte                         0x0800250d   Thumb Code   252  drv_anoof.o(.text)
    GPS_Data_Prepare_Task                    0x0800262d   Thumb Code   306  drv_ubloxgps.o(.text)
    GPS_Rate_H                               0x0800275f   Thumb Code    12  drv_ubloxgps.o(.text)
    GPS_Rate_L                               0x0800276b   Thumb Code    12  drv_ubloxgps.o(.text)
    Init_GPS                                 0x08002777   Thumb Code   196  drv_ubloxgps.o(.text)
    UBLOX_M8_GPS_Data_Receive                0x0800283b   Thumb Code   328  drv_ubloxgps.o(.text)
    NMI_Handler                              0x080029d5   Thumb Code     2  stm32f4xx_it.o(.text)
    MemManage_Handler                        0x080029d7   Thumb Code     4  stm32f4xx_it.o(.text)
    BusFault_Handler                         0x080029db   Thumb Code     4  stm32f4xx_it.o(.text)
    UsageFault_Handler                       0x080029df   Thumb Code     4  stm32f4xx_it.o(.text)
    SVC_Handler                              0x080029e3   Thumb Code     2  stm32f4xx_it.o(.text)
    DebugMon_Handler                         0x080029e5   Thumb Code     2  stm32f4xx_it.o(.text)
    EXTI9_5_IRQHandler                       0x080029e7   Thumb Code    18  stm32f4xx_it.o(.text)
    TIM3_IRQHandler                          0x080029f9   Thumb Code     8  stm32f4xx_it.o(.text)
    TIM4_IRQHandler                          0x08002a01   Thumb Code     2  stm32f4xx_it.o(.text)
    TIM7_IRQHandler                          0x08002a03   Thumb Code    26  stm32f4xx_it.o(.text)
    USART1_IRQHandler                        0x08002a1d   Thumb Code     8  stm32f4xx_it.o(.text)
    USART2_IRQHandler                        0x08002a25   Thumb Code     8  stm32f4xx_it.o(.text)
    USART3_IRQHandler                        0x08002a2d   Thumb Code     8  stm32f4xx_it.o(.text)
    UART4_IRQHandler                         0x08002a35   Thumb Code     8  stm32f4xx_it.o(.text)
    UART5_IRQHandler                         0x08002a3d   Thumb Code     8  stm32f4xx_it.o(.text)
    USART6_IRQHandler                        0x08002a45   Thumb Code     8  stm32f4xx_it.o(.text)
    SysTick_Init                             0x08002a51   Thumb Code   100  drv_sys.o(.text)
    SysTick_Handler                          0x08002ab5   Thumb Code    20  drv_sys.o(.text)
    GetSysRunTimeMs                          0x08002ac9   Thumb Code     6  drv_sys.o(.text)
    GetSysRunTimeUs                          0x08002acf   Thumb Code    62  drv_sys.o(.text)
    MyDelayUs                                0x08002b0d   Thumb Code    24  drv_sys.o(.text)
    MyDelayMs                                0x08002b25   Thumb Code    24  drv_sys.o(.text)
    DrvSysInit                               0x08002b3d   Thumb Code    16  drv_sys.o(.text)
    DrvAdcInit                               0x08002bc5   Thumb Code   168  drv_adc.o(.text)
    Drv_AdcGetBatVot                         0x08002c6d   Thumb Code    92  drv_adc.o(.text)
    DvrLedInit                               0x08002ced   Thumb Code   112  drv_led.o(.text)
    LED_On_Off                               0x08002d5d   Thumb Code    82  drv_led.o(.text)
    LED_1ms_DRV                              0x08002daf   Thumb Code    78  drv_led.o(.text)
    DrvPwmOutInit                            0x08002e09   Thumb Code   742  drv_pwmout.o(.text)
    DrvMotorPWMSet                           0x080030ef   Thumb Code   112  drv_pwmout.o(.text)
    DrvRcPpmInit                             0x08003185   Thumb Code   176  drv_rcin.o(.text)
    PPM_IRQH                                 0x08003235   Thumb Code    82  drv_rcin.o(.text)
    DrvRcSbusInit                            0x08003287   Thumb Code   166  drv_rcin.o(.text)
    Sbus_IRQH                                0x0800332d   Thumb Code    40  drv_rcin.o(.text)
    TIM_CONF                                 0x08003369   Thumb Code    80  drv_timer.o(.text)
    TIM_NVIC                                 0x080033b9   Thumb Code    32  drv_timer.o(.text)
    DrvTimerFcInit                           0x080033d9   Thumb Code    24  drv_timer.o(.text)
    NoUse                                    0x080033f5   Thumb Code     2  drv_uart.o(.text)
    DrvUart1Init                             0x080033f7   Thumb Code   246  drv_uart.o(.text)
    DrvUart1SendBuf                          0x080034ed   Thumb Code    60  drv_uart.o(.text)
    drvU1GetByte                             0x08003529   Thumb Code    32  drv_uart.o(.text)
    drvU1DataCheck                           0x08003549   Thumb Code    52  drv_uart.o(.text)
    Usart1_IRQ                               0x0800357d   Thumb Code   110  drv_uart.o(.text)
    DrvUart2Init                             0x080035eb   Thumb Code   234  drv_uart.o(.text)
    DrvUart2SendBuf                          0x080036d5   Thumb Code    62  drv_uart.o(.text)
    drvU2GetByte                             0x08003713   Thumb Code    32  drv_uart.o(.text)
    drvU2DataCheck                           0x08003733   Thumb Code    52  drv_uart.o(.text)
    Usart2_IRQ                               0x08003767   Thumb Code   120  drv_uart.o(.text)
    DrvUart3Init                             0x080037df   Thumb Code   312  drv_uart.o(.text)
    DrvUart3SendBuf                          0x08003917   Thumb Code    62  drv_uart.o(.text)
    drvU3GetByte                             0x08003955   Thumb Code    32  drv_uart.o(.text)
    drvU3DataCheck                           0x08003975   Thumb Code    52  drv_uart.o(.text)
    Usart3_IRQ                               0x080039a9   Thumb Code   120  drv_uart.o(.text)
    DrvUart4Init                             0x08003a21   Thumb Code   200  drv_uart.o(.text)
    DrvUart4SendBuf                          0x08003ae9   Thumb Code    62  drv_uart.o(.text)
    drvU4GetByte                             0x08003b27   Thumb Code    32  drv_uart.o(.text)
    drvU4DataCheck                           0x08003b47   Thumb Code    52  drv_uart.o(.text)
    Uart4_IRQ                                0x08003b7b   Thumb Code   120  drv_uart.o(.text)
    DrvUart5Init                             0x08003bf3   Thumb Code   288  drv_uart.o(.text)
    DrvUart5SendBuf                          0x08003d13   Thumb Code    60  drv_uart.o(.text)
    drvU5GetByte                             0x08003d4f   Thumb Code    32  drv_uart.o(.text)
    drvU5DataCheck                           0x08003d6f   Thumb Code    52  drv_uart.o(.text)
    Uart5_IRQ                                0x08003da3   Thumb Code   110  drv_uart.o(.text)
    DrvUartDataCheck                         0x08003e11   Thumb Code    24  drv_uart.o(.text)
    Reset_Handler                            0x08003e45   Thumb Code     8  startup_stm32f4xx.o(.text)
    HardFault_Handler                        0x08003e4f   Thumb Code     2  startup_stm32f4xx.o(.text)
    PendSV_Handler                           0x08003e5b   Thumb Code     2  startup_stm32f4xx.o(.text)
    ADC_IRQHandler                           0x08003e5f   Thumb Code     0  startup_stm32f4xx.o(.text)
    CAN1_RX0_IRQHandler                      0x08003e5f   Thumb Code     0  startup_stm32f4xx.o(.text)
    CAN1_RX1_IRQHandler                      0x08003e5f   Thumb Code     0  startup_stm32f4xx.o(.text)
    CAN1_SCE_IRQHandler                      0x08003e5f   Thumb Code     0  startup_stm32f4xx.o(.text)
    CAN1_TX_IRQHandler                       0x08003e5f   Thumb Code     0  startup_stm32f4xx.o(.text)
    CAN2_RX0_IRQHandler                      0x08003e5f   Thumb Code     0  startup_stm32f4xx.o(.text)
    CAN2_RX1_IRQHandler                      0x08003e5f   Thumb Code     0  startup_stm32f4xx.o(.text)
    CAN2_SCE_IRQHandler                      0x08003e5f   Thumb Code     0  startup_stm32f4xx.o(.text)
    CAN2_TX_IRQHandler                       0x08003e5f   Thumb Code     0  startup_stm32f4xx.o(.text)
    CRYP_IRQHandler                          0x08003e5f   Thumb Code     0  startup_stm32f4xx.o(.text)
    DCMI_IRQHandler                          0x08003e5f   Thumb Code     0  startup_stm32f4xx.o(.text)
    DMA1_Stream0_IRQHandler                  0x08003e5f   Thumb Code     0  startup_stm32f4xx.o(.text)
    DMA1_Stream1_IRQHandler                  0x08003e5f   Thumb Code     0  startup_stm32f4xx.o(.text)
    DMA1_Stream2_IRQHandler                  0x08003e5f   Thumb Code     0  startup_stm32f4xx.o(.text)
    DMA1_Stream3_IRQHandler                  0x08003e5f   Thumb Code     0  startup_stm32f4xx.o(.text)
    DMA1_Stream4_IRQHandler                  0x08003e5f   Thumb Code     0  startup_stm32f4xx.o(.text)
    DMA1_Stream5_IRQHandler                  0x08003e5f   Thumb Code     0  startup_stm32f4xx.o(.text)
    DMA1_Stream6_IRQHandler                  0x08003e5f   Thumb Code     0  startup_stm32f4xx.o(.text)
    DMA1_Stream7_IRQHandler                  0x08003e5f   Thumb Code     0  startup_stm32f4xx.o(.text)
    DMA2_Stream0_IRQHandler                  0x08003e5f   Thumb Code     0  startup_stm32f4xx.o(.text)
    DMA2_Stream1_IRQHandler                  0x08003e5f   Thumb Code     0  startup_stm32f4xx.o(.text)
    DMA2_Stream2_IRQHandler                  0x08003e5f   Thumb Code     0  startup_stm32f4xx.o(.text)
    DMA2_Stream3_IRQHandler                  0x08003e5f   Thumb Code     0  startup_stm32f4xx.o(.text)
    DMA2_Stream4_IRQHandler                  0x08003e5f   Thumb Code     0  startup_stm32f4xx.o(.text)
    DMA2_Stream5_IRQHandler                  0x08003e5f   Thumb Code     0  startup_stm32f4xx.o(.text)
    DMA2_Stream6_IRQHandler                  0x08003e5f   Thumb Code     0  startup_stm32f4xx.o(.text)
    DMA2_Stream7_IRQHandler                  0x08003e5f   Thumb Code     0  startup_stm32f4xx.o(.text)
    ETH_IRQHandler                           0x08003e5f   Thumb Code     0  startup_stm32f4xx.o(.text)
    ETH_WKUP_IRQHandler                      0x08003e5f   Thumb Code     0  startup_stm32f4xx.o(.text)
    EXTI0_IRQHandler                         0x08003e5f   Thumb Code     0  startup_stm32f4xx.o(.text)
    EXTI15_10_IRQHandler                     0x08003e5f   Thumb Code     0  startup_stm32f4xx.o(.text)
    EXTI1_IRQHandler                         0x08003e5f   Thumb Code     0  startup_stm32f4xx.o(.text)
    EXTI2_IRQHandler                         0x08003e5f   Thumb Code     0  startup_stm32f4xx.o(.text)
    EXTI3_IRQHandler                         0x08003e5f   Thumb Code     0  startup_stm32f4xx.o(.text)
    EXTI4_IRQHandler                         0x08003e5f   Thumb Code     0  startup_stm32f4xx.o(.text)
    FLASH_IRQHandler                         0x08003e5f   Thumb Code     0  startup_stm32f4xx.o(.text)
    FPU_IRQHandler                           0x08003e5f   Thumb Code     0  startup_stm32f4xx.o(.text)
    FSMC_IRQHandler                          0x08003e5f   Thumb Code     0  startup_stm32f4xx.o(.text)
    HASH_RNG_IRQHandler                      0x08003e5f   Thumb Code     0  startup_stm32f4xx.o(.text)
    I2C1_ER_IRQHandler                       0x08003e5f   Thumb Code     0  startup_stm32f4xx.o(.text)
    I2C1_EV_IRQHandler                       0x08003e5f   Thumb Code     0  startup_stm32f4xx.o(.text)
    I2C2_ER_IRQHandler                       0x08003e5f   Thumb Code     0  startup_stm32f4xx.o(.text)
    I2C2_EV_IRQHandler                       0x08003e5f   Thumb Code     0  startup_stm32f4xx.o(.text)
    I2C3_ER_IRQHandler                       0x08003e5f   Thumb Code     0  startup_stm32f4xx.o(.text)
    I2C3_EV_IRQHandler                       0x08003e5f   Thumb Code     0  startup_stm32f4xx.o(.text)
    OTG_FS_IRQHandler                        0x08003e5f   Thumb Code     0  startup_stm32f4xx.o(.text)
    OTG_FS_WKUP_IRQHandler                   0x08003e5f   Thumb Code     0  startup_stm32f4xx.o(.text)
    OTG_HS_EP1_IN_IRQHandler                 0x08003e5f   Thumb Code     0  startup_stm32f4xx.o(.text)
    OTG_HS_EP1_OUT_IRQHandler                0x08003e5f   Thumb Code     0  startup_stm32f4xx.o(.text)
    OTG_HS_IRQHandler                        0x08003e5f   Thumb Code     0  startup_stm32f4xx.o(.text)
    OTG_HS_WKUP_IRQHandler                   0x08003e5f   Thumb Code     0  startup_stm32f4xx.o(.text)
    PVD_IRQHandler                           0x08003e5f   Thumb Code     0  startup_stm32f4xx.o(.text)
    RCC_IRQHandler                           0x08003e5f   Thumb Code     0  startup_stm32f4xx.o(.text)
    RTC_Alarm_IRQHandler                     0x08003e5f   Thumb Code     0  startup_stm32f4xx.o(.text)
    RTC_WKUP_IRQHandler                      0x08003e5f   Thumb Code     0  startup_stm32f4xx.o(.text)
    SDIO_IRQHandler                          0x08003e5f   Thumb Code     0  startup_stm32f4xx.o(.text)
    SPI1_IRQHandler                          0x08003e5f   Thumb Code     0  startup_stm32f4xx.o(.text)
    SPI2_IRQHandler                          0x08003e5f   Thumb Code     0  startup_stm32f4xx.o(.text)
    SPI3_IRQHandler                          0x08003e5f   Thumb Code     0  startup_stm32f4xx.o(.text)
    TAMP_STAMP_IRQHandler                    0x08003e5f   Thumb Code     0  startup_stm32f4xx.o(.text)
    TIM1_BRK_TIM9_IRQHandler                 0x08003e5f   Thumb Code     0  startup_stm32f4xx.o(.text)
    TIM1_CC_IRQHandler                       0x08003e5f   Thumb Code     0  startup_stm32f4xx.o(.text)
    TIM1_TRG_COM_TIM11_IRQHandler            0x08003e5f   Thumb Code     0  startup_stm32f4xx.o(.text)
    TIM1_UP_TIM10_IRQHandler                 0x08003e5f   Thumb Code     0  startup_stm32f4xx.o(.text)
    TIM2_IRQHandler                          0x08003e5f   Thumb Code     0  startup_stm32f4xx.o(.text)
    TIM5_IRQHandler                          0x08003e5f   Thumb Code     0  startup_stm32f4xx.o(.text)
    TIM6_DAC_IRQHandler                      0x08003e5f   Thumb Code     0  startup_stm32f4xx.o(.text)
    TIM8_BRK_TIM12_IRQHandler                0x08003e5f   Thumb Code     0  startup_stm32f4xx.o(.text)
    TIM8_CC_IRQHandler                       0x08003e5f   Thumb Code     0  startup_stm32f4xx.o(.text)
    TIM8_TRG_COM_TIM14_IRQHandler            0x08003e5f   Thumb Code     0  startup_stm32f4xx.o(.text)
    TIM8_UP_TIM13_IRQHandler                 0x08003e5f   Thumb Code     0  startup_stm32f4xx.o(.text)
    WWDG_IRQHandler                          0x08003e5f   Thumb Code     0  startup_stm32f4xx.o(.text)
    SystemInit                               0x08003f45   Thumb Code    88  system_stm32f4xx.o(.text)
    SystemCoreClockUpdate                    0x08003f9d   Thumb Code   174  system_stm32f4xx.o(.text)
    NVIC_PriorityGroupConfig                 0x08004079   Thumb Code    54  misc.o(.text)
    NVIC_Init                                0x080040af   Thumb Code   164  misc.o(.text)
    NVIC_SetVectorTable                      0x08004153   Thumb Code    60  misc.o(.text)
    NVIC_SystemLPConfig                      0x0800418f   Thumb Code    78  misc.o(.text)
    SysTick_CLKSourceConfig                  0x080041dd   Thumb Code    62  misc.o(.text)
    ADC_DeInit                               0x08004239   Thumb Code    22  stm32f4xx_adc.o(.text)
    ADC_Init                                 0x0800424f   Thumb Code   402  stm32f4xx_adc.o(.text)
    ADC_StructInit                           0x080043e1   Thumb Code    20  stm32f4xx_adc.o(.text)
    ADC_CommonInit                           0x080043f5   Thumb Code   342  stm32f4xx_adc.o(.text)
    ADC_CommonStructInit                     0x0800454b   Thumb Code    12  stm32f4xx_adc.o(.text)
    ADC_Cmd                                  0x08004557   Thumb Code    76  stm32f4xx_adc.o(.text)
    ADC_AnalogWatchdogCmd                    0x080045a3   Thumb Code   102  stm32f4xx_adc.o(.text)
    ADC_AnalogWatchdogThresholdsConfig       0x08004609   Thumb Code   126  stm32f4xx_adc.o(.text)
    ADC_AnalogWatchdogSingleChannelConfig    0x08004687   Thumb Code   136  stm32f4xx_adc.o(.text)
    ADC_TempSensorVrefintCmd                 0x0800470f   Thumb Code    56  stm32f4xx_adc.o(.text)
    ADC_VBATCmd                              0x08004747   Thumb Code    56  stm32f4xx_adc.o(.text)
    ADC_RegularChannelConfig                 0x0800477f   Thumb Code   408  stm32f4xx_adc.o(.text)
    ADC_SoftwareStartConv                    0x08004917   Thumb Code    44  stm32f4xx_adc.o(.text)
    ADC_GetSoftwareStartConvStatus           0x08004943   Thumb Code    54  stm32f4xx_adc.o(.text)
    ADC_EOCOnEachRegularChannelCmd           0x08004979   Thumb Code    76  stm32f4xx_adc.o(.text)
    ADC_ContinuousModeCmd                    0x080049c5   Thumb Code    76  stm32f4xx_adc.o(.text)
    ADC_DiscModeChannelCountConfig           0x08004a11   Thumb Code   100  stm32f4xx_adc.o(.text)
    ADC_DiscModeCmd                          0x08004a75   Thumb Code    76  stm32f4xx_adc.o(.text)
    ADC_GetConversionValue                   0x08004ac1   Thumb Code    40  stm32f4xx_adc.o(.text)
    ADC_GetMultiModeConversionValue          0x08004ae9   Thumb Code     6  stm32f4xx_adc.o(.text)
    ADC_DMACmd                               0x08004aef   Thumb Code    76  stm32f4xx_adc.o(.text)
    ADC_DMARequestAfterLastTransferCmd       0x08004b3b   Thumb Code    76  stm32f4xx_adc.o(.text)
    ADC_MultiModeDMARequestAfterLastTransferCmd 0x08004b87   Thumb Code    60  stm32f4xx_adc.o(.text)
    ADC_InjectedChannelConfig                0x08004bc3   Thumb Code   332  stm32f4xx_adc.o(.text)
    ADC_InjectedSequencerLengthConfig        0x08004d0f   Thumb Code    80  stm32f4xx_adc.o(.text)
    ADC_SetInjectedOffset                    0x08004d5f   Thumb Code   102  stm32f4xx_adc.o(.text)
    ADC_ExternalTrigInjectedConvConfig       0x08004dc5   Thumb Code   176  stm32f4xx_adc.o(.text)
    ADC_ExternalTrigInjectedConvEdgeConfig   0x08004e75   Thumb Code    82  stm32f4xx_adc.o(.text)
    ADC_SoftwareStartInjectedConv            0x08004ec7   Thumb Code    44  stm32f4xx_adc.o(.text)
    ADC_GetSoftwareStartInjectedConvCmdStatus 0x08004ef3   Thumb Code    54  stm32f4xx_adc.o(.text)
    ADC_AutoInjectedConvCmd                  0x08004f29   Thumb Code    76  stm32f4xx_adc.o(.text)
    ADC_InjectedDiscModeCmd                  0x08004f75   Thumb Code    76  stm32f4xx_adc.o(.text)
    ADC_GetInjectedConversionValue           0x08004fc1   Thumb Code    88  stm32f4xx_adc.o(.text)
    ADC_ITConfig                             0x08005019   Thumb Code   130  stm32f4xx_adc.o(.text)
    ADC_GetFlagStatus                        0x0800509b   Thumb Code    90  stm32f4xx_adc.o(.text)
    ADC_ClearFlag                            0x080050f5   Thumb Code    62  stm32f4xx_adc.o(.text)
    ADC_GetITStatus                          0x08005133   Thumb Code   122  stm32f4xx_adc.o(.text)
    ADC_ClearITPendingBit                    0x080051ad   Thumb Code    88  stm32f4xx_adc.o(.text)
    DMA_DeInit                               0x08005215   Thumb Code   462  stm32f4xx_dma.o(.text)
    DMA_Init                                 0x080053e3   Thumb Code   684  stm32f4xx_dma.o(.text)
    DMA_StructInit                           0x0800568f   Thumb Code    34  stm32f4xx_dma.o(.text)
    DMA_Cmd                                  0x080056b1   Thumb Code   182  stm32f4xx_dma.o(.text)
    DMA_PeriphIncOffsetSizeConfig            0x08005767   Thumb Code   184  stm32f4xx_dma.o(.text)
    DMA_FlowControllerConfig                 0x0800581f   Thumb Code   182  stm32f4xx_dma.o(.text)
    DMA_SetCurrDataCounter                   0x080058d5   Thumb Code   146  stm32f4xx_dma.o(.text)
    DMA_GetCurrDataCounter                   0x08005967   Thumb Code   146  stm32f4xx_dma.o(.text)
    DMA_DoubleBufferModeConfig               0x080059f9   Thumb Code   204  stm32f4xx_dma.o(.text)
    DMA_DoubleBufferModeCmd                  0x08005ac5   Thumb Code   182  stm32f4xx_dma.o(.text)
    DMA_MemoryTargetConfig                   0x08005b7b   Thumb Code   174  stm32f4xx_dma.o(.text)
    DMA_GetCurrentMemoryTarget               0x08005c29   Thumb Code   160  stm32f4xx_dma.o(.text)
    DMA_GetCmdStatus                         0x08005cc9   Thumb Code   160  stm32f4xx_dma.o(.text)
    DMA_GetFIFOStatus                        0x08005d69   Thumb Code   152  stm32f4xx_dma.o(.text)
    DMA_GetFlagStatus                        0x08005e01   Thumb Code   486  stm32f4xx_dma.o(.text)
    DMA_ClearFlag                            0x08005fe7   Thumb Code   216  stm32f4xx_dma.o(.text)
    DMA_ITConfig                             0x080060bf   Thumb Code   238  stm32f4xx_dma.o(.text)
    DMA_GetITStatus                          0x080061ad   Thumb Code   590  stm32f4xx_dma.o(.text)
    DMA_ClearITPendingBit                    0x080063fb   Thumb Code   216  stm32f4xx_dma.o(.text)
    EXTI_DeInit                              0x0800657d   Thumb Code    28  stm32f4xx_exti.o(.text)
    EXTI_Init                                0x08006599   Thumb Code   236  stm32f4xx_exti.o(.text)
    EXTI_StructInit                          0x08006685   Thumb Code    16  stm32f4xx_exti.o(.text)
    EXTI_GenerateSWInterrupt                 0x08006695   Thumb Code    38  stm32f4xx_exti.o(.text)
    EXTI_GetFlagStatus                       0x080066bb   Thumb Code   158  stm32f4xx_exti.o(.text)
    EXTI_ClearFlag                           0x08006759   Thumb Code    30  stm32f4xx_exti.o(.text)
    EXTI_GetITStatus                         0x08006777   Thumb Code   172  stm32f4xx_exti.o(.text)
    EXTI_ClearITPendingBit                   0x08006823   Thumb Code    32  stm32f4xx_exti.o(.text)
    GPIO_DeInit                              0x08006851   Thumb Code   284  stm32f4xx_gpio.o(.text)
    GPIO_Init                                0x0800696d   Thumb Code   342  stm32f4xx_gpio.o(.text)
    GPIO_StructInit                          0x08006ac3   Thumb Code    18  stm32f4xx_gpio.o(.text)
    GPIO_PinLockConfig                       0x08006ad5   Thumb Code   122  stm32f4xx_gpio.o(.text)
    GPIO_ReadInputDataBit                    0x08006b4f   Thumb Code   182  stm32f4xx_gpio.o(.text)
    GPIO_ReadInputData                       0x08006c05   Thumb Code   116  stm32f4xx_gpio.o(.text)
    GPIO_ReadOutputDataBit                   0x08006c79   Thumb Code   182  stm32f4xx_gpio.o(.text)
    GPIO_ReadOutputData                      0x08006d2f   Thumb Code    76  stm32f4xx_gpio.o(.text)
    GPIO_SetBits                             0x08006d7b   Thumb Code    94  stm32f4xx_gpio.o(.text)
    GPIO_ResetBits                           0x08006dd9   Thumb Code    94  stm32f4xx_gpio.o(.text)
    GPIO_WriteBit                            0x08006e37   Thumb Code   194  stm32f4xx_gpio.o(.text)
    GPIO_Write                               0x08006ef9   Thumb Code    76  stm32f4xx_gpio.o(.text)
    GPIO_ToggleBits                          0x08006f45   Thumb Code    80  stm32f4xx_gpio.o(.text)
    GPIO_PinAFConfig                         0x08006f95   Thumb Code   382  stm32f4xx_gpio.o(.text)
    RCC_DeInit                               0x08007119   Thumb Code    60  stm32f4xx_rcc.o(.text)
    RCC_HSEConfig                            0x08007155   Thumb Code    38  stm32f4xx_rcc.o(.text)
    RCC_GetFlagStatus                        0x0800717b   Thumb Code   130  stm32f4xx_rcc.o(.text)
    RCC_WaitForHSEStartUp                    0x080071fd   Thumb Code    56  stm32f4xx_rcc.o(.text)
    RCC_AdjustHSICalibrationValue            0x08007235   Thumb Code    38  stm32f4xx_rcc.o(.text)
    RCC_HSICmd                               0x0800725b   Thumb Code    28  stm32f4xx_rcc.o(.text)
    RCC_LSEConfig                            0x08007277   Thumb Code    72  stm32f4xx_rcc.o(.text)
    RCC_LSICmd                               0x080072bf   Thumb Code    28  stm32f4xx_rcc.o(.text)
    RCC_PLLConfig                            0x080072db   Thumb Code   156  stm32f4xx_rcc.o(.text)
    RCC_PLLCmd                               0x08007377   Thumb Code    28  stm32f4xx_rcc.o(.text)
    RCC_PLLI2SConfig                         0x08007393   Thumb Code    62  stm32f4xx_rcc.o(.text)
    RCC_PLLI2SCmd                            0x080073d1   Thumb Code    28  stm32f4xx_rcc.o(.text)
    RCC_ClockSecuritySystemCmd               0x080073ed   Thumb Code    28  stm32f4xx_rcc.o(.text)
    RCC_MCO1Config                           0x08007409   Thumb Code   102  stm32f4xx_rcc.o(.text)
    RCC_MCO2Config                           0x0800746f   Thumb Code   102  stm32f4xx_rcc.o(.text)
    RCC_SYSCLKConfig                         0x080074d5   Thumb Code    68  stm32f4xx_rcc.o(.text)
    RCC_GetSYSCLKSource                      0x08007519   Thumb Code    10  stm32f4xx_rcc.o(.text)
    RCC_HCLKConfig                           0x08007523   Thumb Code    66  stm32f4xx_rcc.o(.text)
    RCC_PCLK1Config                          0x08007565   Thumb Code    58  stm32f4xx_rcc.o(.text)
    RCC_PCLK2Config                          0x0800759f   Thumb Code    60  stm32f4xx_rcc.o(.text)
    RCC_GetClocksFreq                        0x080075db   Thumb Code   214  stm32f4xx_rcc.o(.text)
    RCC_RTCCLKConfig                         0x080076b1   Thumb Code   260  stm32f4xx_rcc.o(.text)
    RCC_RTCCLKCmd                            0x080077b5   Thumb Code    28  stm32f4xx_rcc.o(.text)
    RCC_BackupResetCmd                       0x080077d1   Thumb Code    30  stm32f4xx_rcc.o(.text)
    RCC_I2SCLKConfig                         0x080077ef   Thumb Code    28  stm32f4xx_rcc.o(.text)
    RCC_AHB1PeriphClockCmd                   0x0800780b   Thumb Code    78  stm32f4xx_rcc.o(.text)
    RCC_AHB2PeriphClockCmd                   0x08007859   Thumb Code    78  stm32f4xx_rcc.o(.text)
    RCC_AHB3PeriphClockCmd                   0x080078a7   Thumb Code   234  stm32f4xx_rcc.o(.text)
    RCC_APB1PeriphClockCmd                   0x08007991   Thumb Code    70  stm32f4xx_rcc.o(.text)
    RCC_APB2PeriphClockCmd                   0x080079d7   Thumb Code    78  stm32f4xx_rcc.o(.text)
    RCC_AHB1PeriphResetCmd                   0x08007a25   Thumb Code    78  stm32f4xx_rcc.o(.text)
    RCC_AHB2PeriphResetCmd                   0x08007a73   Thumb Code    78  stm32f4xx_rcc.o(.text)
    RCC_AHB3PeriphResetCmd                   0x08007ac1   Thumb Code    78  stm32f4xx_rcc.o(.text)
    RCC_APB1PeriphResetCmd                   0x08007b0f   Thumb Code    78  stm32f4xx_rcc.o(.text)
    RCC_APB2PeriphResetCmd                   0x08007b5d   Thumb Code    78  stm32f4xx_rcc.o(.text)
    RCC_AHB1PeriphClockLPModeCmd             0x08007bab   Thumb Code    78  stm32f4xx_rcc.o(.text)
    RCC_AHB2PeriphClockLPModeCmd             0x08007bf9   Thumb Code    78  stm32f4xx_rcc.o(.text)
    RCC_AHB3PeriphClockLPModeCmd             0x08007c47   Thumb Code    78  stm32f4xx_rcc.o(.text)
    RCC_APB1PeriphClockLPModeCmd             0x08007c95   Thumb Code    78  stm32f4xx_rcc.o(.text)
    RCC_APB2PeriphClockLPModeCmd             0x08007ce3   Thumb Code    78  stm32f4xx_rcc.o(.text)
    RCC_ITConfig                             0x08007d31   Thumb Code   108  stm32f4xx_rcc.o(.text)
    RCC_ClearFlag                            0x08007d9d   Thumb Code    14  stm32f4xx_rcc.o(.text)
    RCC_GetITStatus                          0x08007dab   Thumb Code    66  stm32f4xx_rcc.o(.text)
    RCC_ClearITPendingBit                    0x08007ded   Thumb Code    32  stm32f4xx_rcc.o(.text)
    TIM_DeInit                               0x08007e15   Thumb Code   440  stm32f4xx_tim.o(.text)
    TIM_TimeBaseInit                         0x08007fcd   Thumb Code   278  stm32f4xx_tim.o(.text)
    TIM_TimeBaseStructInit                   0x080080e3   Thumb Code    18  stm32f4xx_tim.o(.text)
    TIM_PrescalerConfig                      0x080080f5   Thumb Code   128  stm32f4xx_tim.o(.text)
    TIM_CounterModeConfig                    0x08008175   Thumb Code   100  stm32f4xx_tim.o(.text)
    TIM_SetCounter                           0x080081d9   Thumb Code   164  stm32f4xx_tim.o(.text)
    TIM_SetAutoreload                        0x0800827d   Thumb Code   106  stm32f4xx_tim.o(.text)
    TIM_GetCounter                           0x080082e7   Thumb Code   104  stm32f4xx_tim.o(.text)
    TIM_GetPrescaler                         0x0800834f   Thumb Code   104  stm32f4xx_tim.o(.text)
    TIM_UpdateDisableConfig                  0x080083b7   Thumb Code   144  stm32f4xx_tim.o(.text)
    TIM_UpdateRequestConfig                  0x08008447   Thumb Code   144  stm32f4xx_tim.o(.text)
    TIM_ARRPreloadConfig                     0x080084d7   Thumb Code   144  stm32f4xx_tim.o(.text)
    TIM_SelectOnePulseMode                   0x08008567   Thumb Code   138  stm32f4xx_tim.o(.text)
    TIM_SetClockDivision                     0x080085f1   Thumb Code   190  stm32f4xx_tim.o(.text)
    TIM_Cmd                                  0x080086af   Thumb Code   144  stm32f4xx_tim.o(.text)
    TIM_OC1Init                              0x0800873f   Thumb Code   400  stm32f4xx_tim.o(.text)
    TIM_OC2Init                              0x080088cf   Thumb Code   474  stm32f4xx_tim.o(.text)
    TIM_OC3Init                              0x08008aa9   Thumb Code   400  stm32f4xx_tim.o(.text)
    TIM_OC4Init                              0x08008c39   Thumb Code   290  stm32f4xx_tim.o(.text)
    TIM_OCStructInit                         0x08008d5b   Thumb Code    20  stm32f4xx_tim.o(.text)
    TIM_SelectOCxM                           0x08008d6f   Thumb Code   250  stm32f4xx_tim.o(.text)
    TIM_SetCompare1                          0x08008e69   Thumb Code   144  stm32f4xx_tim.o(.text)
    TIM_SetCompare2                          0x08008ef9   Thumb Code    70  stm32f4xx_tim.o(.text)
    TIM_SetCompare3                          0x08008f3f   Thumb Code    58  stm32f4xx_tim.o(.text)
    TIM_SetCompare4                          0x08008f79   Thumb Code    58  stm32f4xx_tim.o(.text)
    TIM_ForcedOC1Config                      0x08008fb3   Thumb Code   126  stm32f4xx_tim.o(.text)
    TIM_ForcedOC2Config                      0x08009031   Thumb Code   110  stm32f4xx_tim.o(.text)
    TIM_ForcedOC3Config                      0x0800909f   Thumb Code    90  stm32f4xx_tim.o(.text)
    TIM_ForcedOC4Config                      0x080090f9   Thumb Code    98  stm32f4xx_tim.o(.text)
    TIM_OC1PreloadConfig                     0x0800915b   Thumb Code   124  stm32f4xx_tim.o(.text)
    TIM_OC2PreloadConfig                     0x080091d7   Thumb Code   108  stm32f4xx_tim.o(.text)
    TIM_OC3PreloadConfig                     0x08009243   Thumb Code    88  stm32f4xx_tim.o(.text)
    TIM_OC4PreloadConfig                     0x0800929b   Thumb Code   146  stm32f4xx_tim.o(.text)
    TIM_OC1FastConfig                        0x0800932d   Thumb Code   124  stm32f4xx_tim.o(.text)
    TIM_OC2FastConfig                        0x080093a9   Thumb Code   108  stm32f4xx_tim.o(.text)
    TIM_OC3FastConfig                        0x08009415   Thumb Code    88  stm32f4xx_tim.o(.text)
    TIM_OC4FastConfig                        0x0800946d   Thumb Code    96  stm32f4xx_tim.o(.text)
    TIM_ClearOC1Ref                          0x080094cd   Thumb Code   124  stm32f4xx_tim.o(.text)
    TIM_ClearOC2Ref                          0x08009549   Thumb Code   106  stm32f4xx_tim.o(.text)
    TIM_ClearOC3Ref                          0x080095b3   Thumb Code    88  stm32f4xx_tim.o(.text)
    TIM_ClearOC4Ref                          0x0800960b   Thumb Code    94  stm32f4xx_tim.o(.text)
    TIM_OC1PolarityConfig                    0x08009669   Thumb Code   124  stm32f4xx_tim.o(.text)
    TIM_OC1NPolarityConfig                   0x080096e5   Thumb Code   114  stm32f4xx_tim.o(.text)
    TIM_OC2PolarityConfig                    0x08009757   Thumb Code   108  stm32f4xx_tim.o(.text)
    TIM_OC2NPolarityConfig                   0x080097c3   Thumb Code    72  stm32f4xx_tim.o(.text)
    TIM_OC3PolarityConfig                    0x0800980b   Thumb Code    96  stm32f4xx_tim.o(.text)
    TIM_OC3NPolarityConfig                   0x0800986b   Thumb Code    72  stm32f4xx_tim.o(.text)
    TIM_OC4PolarityConfig                    0x080098b3   Thumb Code    96  stm32f4xx_tim.o(.text)
    TIM_CCxCmd                               0x08009913   Thumb Code   168  stm32f4xx_tim.o(.text)
    TIM_CCxNCmd                              0x080099bb   Thumb Code   104  stm32f4xx_tim.o(.text)
    TIM_SetIC4Prescaler                      0x08009a23   Thumb Code   106  stm32f4xx_tim.o(.text)
    TIM_SetIC3Prescaler                      0x08009add   Thumb Code   148  stm32f4xx_tim.o(.text)
    TIM_SetIC2Prescaler                      0x08009bb9   Thumb Code   118  stm32f4xx_tim.o(.text)
    TIM_SetIC1Prescaler                      0x08009c7f   Thumb Code   134  stm32f4xx_tim.o(.text)
    TIM_ICInit                               0x08009d3f   Thumb Code   460  stm32f4xx_tim.o(.text)
    TIM_ICStructInit                         0x08009f0b   Thumb Code    18  stm32f4xx_tim.o(.text)
    TIM_PWMIConfig                           0x08009f1d   Thumb Code   234  stm32f4xx_tim.o(.text)
    TIM_GetCapture1                          0x0800a007   Thumb Code    92  stm32f4xx_tim.o(.text)
    TIM_GetCapture2                          0x0800a063   Thumb Code    68  stm32f4xx_tim.o(.text)
    TIM_GetCapture3                          0x0800a0a7   Thumb Code    56  stm32f4xx_tim.o(.text)
    TIM_GetCapture4                          0x0800a0df   Thumb Code    56  stm32f4xx_tim.o(.text)
    TIM_BDTRConfig                           0x0800a117   Thumb Code   222  stm32f4xx_tim.o(.text)
    TIM_BDTRStructInit                       0x0800a1f5   Thumb Code    18  stm32f4xx_tim.o(.text)
    TIM_CtrlPWMOutputs                       0x0800a207   Thumb Code    78  stm32f4xx_tim.o(.text)
    TIM_SelectCOM                            0x0800a255   Thumb Code    72  stm32f4xx_tim.o(.text)
    TIM_CCPreloadControl                     0x0800a29d   Thumb Code    72  stm32f4xx_tim.o(.text)
    TIM_ITConfig                             0x0800a2e5   Thumb Code   216  stm32f4xx_tim.o(.text)
    TIM_GenerateEvent                        0x0800a3bd   Thumb Code   126  stm32f4xx_tim.o(.text)
    TIM_GetFlagStatus                        0x0800a43b   Thumb Code   188  stm32f4xx_tim.o(.text)
    TIM_ClearFlag                            0x0800a4f7   Thumb Code   108  stm32f4xx_tim.o(.text)
    TIM_GetITStatus                          0x0800a563   Thumb Code   186  stm32f4xx_tim.o(.text)
    TIM_ClearITPendingBit                    0x0800a61d   Thumb Code   108  stm32f4xx_tim.o(.text)
    TIM_DMAConfig                            0x0800a689   Thumb Code   328  stm32f4xx_tim.o(.text)
    TIM_DMACmd                               0x0800a7d1   Thumb Code   126  stm32f4xx_tim.o(.text)
    TIM_SelectCCDMA                          0x0800a84f   Thumb Code    96  stm32f4xx_tim.o(.text)
    TIM_InternalClockConfig                  0x0800a8af   Thumb Code    76  stm32f4xx_tim.o(.text)
    TIM_SelectInputTrigger                   0x0800a8fb   Thumb Code   148  stm32f4xx_tim.o(.text)
    TIM_ITRxExternalClockConfig              0x0800a98f   Thumb Code   110  stm32f4xx_tim.o(.text)
    TIM_TIxExternalClockConfig               0x0800a9fd   Thumb Code   184  stm32f4xx_tim.o(.text)
    TIM_ETRConfig                            0x0800aab5   Thumb Code   164  stm32f4xx_tim.o(.text)
    TIM_ETRClockMode1Config                  0x0800ab59   Thumb Code   228  stm32f4xx_tim.o(.text)
    TIM_ETRClockMode2Config                  0x0800ac3d   Thumb Code   152  stm32f4xx_tim.o(.text)
    TIM_SelectOutputTrigger                  0x0800acd5   Thumb Code   126  stm32f4xx_tim.o(.text)
    TIM_SelectSlaveMode                      0x0800ad53   Thumb Code   112  stm32f4xx_tim.o(.text)
    TIM_SelectMasterSlaveMode                0x0800adc3   Thumb Code   102  stm32f4xx_tim.o(.text)
    TIM_EncoderInterfaceConfig               0x0800ae29   Thumb Code   226  stm32f4xx_tim.o(.text)
    TIM_SelectHallSensor                     0x0800af0b   Thumb Code   108  stm32f4xx_tim.o(.text)
    TIM_RemapConfig                          0x0800af77   Thumb Code   138  stm32f4xx_tim.o(.text)
    USART_DeInit                             0x0800b001   Thumb Code   202  stm32f4xx_usart.o(.text)
    USART_Init                               0x0800b0cb   Thumb Code   456  stm32f4xx_usart.o(.text)
    USART_StructInit                         0x0800b293   Thumb Code    24  stm32f4xx_usart.o(.text)
    USART_ClockInit                          0x0800b2ab   Thumb Code   166  stm32f4xx_usart.o(.text)
    USART_ClockStructInit                    0x0800b351   Thumb Code    12  stm32f4xx_usart.o(.text)
    USART_Cmd                                0x0800b35d   Thumb Code    96  stm32f4xx_usart.o(.text)
    USART_SetPrescaler                       0x0800b3bd   Thumb Code   102  stm32f4xx_usart.o(.text)
    USART_OverSampling8Cmd                   0x0800b423   Thumb Code    94  stm32f4xx_usart.o(.text)
    USART_OneBitMethodCmd                    0x0800b481   Thumb Code    96  stm32f4xx_usart.o(.text)
    USART_SendData                           0x0800b4e1   Thumb Code    80  stm32f4xx_usart.o(.text)
    USART_ReceiveData                        0x0800b531   Thumb Code    60  stm32f4xx_usart.o(.text)
    USART_SetAddress                         0x0800b56d   Thumb Code    88  stm32f4xx_usart.o(.text)
    USART_ReceiverWakeUpCmd                  0x0800b5c5   Thumb Code    96  stm32f4xx_usart.o(.text)
    USART_WakeUpConfig                       0x0800b625   Thumb Code    92  stm32f4xx_usart.o(.text)
    USART_LINBreakDetectLengthConfig         0x0800b681   Thumb Code    90  stm32f4xx_usart.o(.text)
    USART_LINCmd                             0x0800b6db   Thumb Code    96  stm32f4xx_usart.o(.text)
    USART_SendBreak                          0x0800b73b   Thumb Code    62  stm32f4xx_usart.o(.text)
    USART_HalfDuplexCmd                      0x0800b779   Thumb Code    96  stm32f4xx_usart.o(.text)
    USART_SetGuardTime                       0x0800b7d9   Thumb Code    86  stm32f4xx_usart.o(.text)
    USART_SmartCardCmd                       0x0800b82f   Thumb Code    84  stm32f4xx_usart.o(.text)
    USART_SmartCardNACKCmd                   0x0800b883   Thumb Code    84  stm32f4xx_usart.o(.text)
    USART_IrDAConfig                         0x0800b8d7   Thumb Code    90  stm32f4xx_usart.o(.text)
    USART_IrDACmd                            0x0800b931   Thumb Code    96  stm32f4xx_usart.o(.text)
    USART_DMACmd                             0x0800b991   Thumb Code   114  stm32f4xx_usart.o(.text)
    USART_ITConfig                           0x0800ba03   Thumb Code   260  stm32f4xx_usart.o(.text)
    USART_GetFlagStatus                      0x0800bb07   Thumb Code   170  stm32f4xx_usart.o(.text)
    USART_ClearFlag                          0x0800bbb1   Thumb Code   158  stm32f4xx_usart.o(.text)
    USART_GetITStatus                        0x0800bc4f   Thumb Code   278  stm32f4xx_usart.o(.text)
    USART_ClearITPendingBit                  0x0800bd65   Thumb Code   164  stm32f4xx_usart.o(.text)
    __aeabi_dadd                             0x0800be25   Thumb Code   322  dadd.o(.text)
    __aeabi_dsub                             0x0800bf67   Thumb Code     6  dadd.o(.text)
    __aeabi_drsub                            0x0800bf6d   Thumb Code     6  dadd.o(.text)
    __aeabi_dmul                             0x0800bf73   Thumb Code   228  dmul.o(.text)
    __aeabi_i2d                              0x0800c057   Thumb Code    34  dflti.o(.text)
    __aeabi_cdcmpeq                          0x0800c079   Thumb Code     0  cdcmple.o(.text)
    __aeabi_cdcmple                          0x0800c079   Thumb Code    48  cdcmple.o(.text)
    __aeabi_cdrcmple                         0x0800c0a9   Thumb Code    48  cdrcmple.o(.text)
    __aeabi_d2f                              0x0800c0d9   Thumb Code    56  d2f.o(.text)
    __aeabi_llsl                             0x0800c111   Thumb Code    30  llshl.o(.text)
    _ll_shift_l                              0x0800c111   Thumb Code     0  llshl.o(.text)
    __aeabi_lasr                             0x0800c12f   Thumb Code    36  llsshr.o(.text)
    _ll_sshift_r                             0x0800c12f   Thumb Code     0  llsshr.o(.text)
    __I$use$fp                               0x0800c153   Thumb Code     0  iusefp.o(.text)
    _float_round                             0x0800c153   Thumb Code    18  fepilogue.o(.text)
    _float_epilogue                          0x0800c165   Thumb Code    92  fepilogue.o(.text)
    _double_round                            0x0800c1c1   Thumb Code    30  depilogue.o(.text)
    _double_epilogue                         0x0800c1df   Thumb Code   156  depilogue.o(.text)
    __scatterload                            0x0800c27d   Thumb Code    28  init.o(.text)
    __scatterload_rt2                        0x0800c27d   Thumb Code     0  init.o(.text)
    __aeabi_llsr                             0x0800c2a1   Thumb Code    32  llushr.o(.text)
    _ll_ushift_r                             0x0800c2a1   Thumb Code     0  llushr.o(.text)
    __decompress                             0x0800c2c1   Thumb Code     0  __dczerorl2.o(.text)
    __decompress1                            0x0800c2c1   Thumb Code    86  __dczerorl2.o(.text)
    __scatterload_copy                       0x0800c317   Thumb Code    14  handlers.o(i.__scatterload_copy)
    __scatterload_null                       0x0800c325   Thumb Code     2  handlers.o(i.__scatterload_null)
    __scatterload_zeroinit                   0x0800c327   Thumb Code    14  handlers.o(i.__scatterload_zeroinit)
    fast_atan_table                          0x0800c334   Data        1028  ano_math.o(.constdata)
    Region$$Table$$Base                      0x0800c9cc   Number         0  anon$$obj.o(Region$$Table)
    Region$$Table$$Limit                     0x0800c9ec   Number         0  anon$$obj.o(Region$$Table)
    fc_bat                                   0x2000005e   Data           4  ano_lx.o(.data)
    fc_att                                   0x20000062   Data           7  ano_lx.o(.data)
    fc_vel                                   0x20000069   Data           6  ano_lx.o(.data)
    sti_fun                                  0x20000082   Data           2  lx_fc_state.o(.data)
    pvt_receive_updata                       0x2000009e   Data           1  drv_ubloxgps.o(.data)
    fre_test_cnt                             0x200000a0   Data           2  drv_ubloxgps.o(.data)
    Period_Out_H                             0x200000a2   Data          14  drv_ubloxgps.o(.data)
    Period_Out_L                             0x200000b0   Data          14  drv_ubloxgps.o(.data)
    Pulse_Period                             0x200000be   Data          28  drv_ubloxgps.o(.data)
    Baud115200                               0x200000da   Data          28  drv_ubloxgps.o(.data)
    Save_Con                                 0x200000f6   Data          21  drv_ubloxgps.o(.data)
    POLLSH_SET                               0x2000010b   Data          11  drv_ubloxgps.o(.data)
    SOL_SET                                  0x20000116   Data          11  drv_ubloxgps.o(.data)
    VELNED_SET                               0x20000121   Data          11  drv_ubloxgps.o(.data)
    TIMEUTC_SET                              0x2000012c   Data          11  drv_ubloxgps.o(.data)
    DOP_SET                                  0x20000137   Data          11  drv_ubloxgps.o(.data)
    PVT_SET                                  0x20000142   Data          11  drv_ubloxgps.o(.data)
    pvt_recerve_ok_cnt                       0x20000152   Data           1  drv_ubloxgps.o(.data)
    led                                      0x20000160   Data           4  drv_led.o(.data)
    Tx1Counter                               0x20000170   Data           1  drv_uart.o(.data)
    count1                                   0x20000171   Data           1  drv_uart.o(.data)
    U1RxInCnt                                0x20000172   Data           1  drv_uart.o(.data)
    U1RxoutCnt                               0x20000173   Data           1  drv_uart.o(.data)
    TxCounter                                0x20000174   Data           1  drv_uart.o(.data)
    count                                    0x20000175   Data           1  drv_uart.o(.data)
    U2RxInCnt                                0x20000176   Data           1  drv_uart.o(.data)
    U2RxoutCnt                               0x20000177   Data           1  drv_uart.o(.data)
    Tx3Counter                               0x20000178   Data           1  drv_uart.o(.data)
    count3                                   0x20000179   Data           1  drv_uart.o(.data)
    U3RxInCnt                                0x2000017a   Data           1  drv_uart.o(.data)
    U3RxoutCnt                               0x2000017b   Data           1  drv_uart.o(.data)
    Tx4Counter                               0x2000017c   Data           1  drv_uart.o(.data)
    count4                                   0x2000017d   Data           1  drv_uart.o(.data)
    U4RxInCnt                                0x2000017e   Data           1  drv_uart.o(.data)
    U4RxoutCnt                               0x2000017f   Data           1  drv_uart.o(.data)
    Tx5Counter                               0x20000180   Data           1  drv_uart.o(.data)
    count5                                   0x20000181   Data           1  drv_uart.o(.data)
    U5RxInCnt                                0x20000182   Data           1  drv_uart.o(.data)
    U5RxoutCnt                               0x20000183   Data           1  drv_uart.o(.data)
    SystemCoreClock                          0x20000184   Data           4  system_stm32f4xx.o(.data)
    AHBPrescTable                            0x20000188   Data          16  system_stm32f4xx.o(.data)
    send_buffer                              0x200001a8   Data          50  ano_dt_lx.o(.bss)
    dt                                       0x200001dc   Data        1564  ano_dt_lx.o(.bss)
    rt_tar                                   0x200008f8   Data          14  ano_lx.o(.bss)
    pwm_to_esc                               0x20000906   Data          16  ano_lx.o(.bss)
    fc_att_qua                               0x20000916   Data           9  ano_lx.o(.bss)
    ext_sens                                 0x20000930   Data          48  lx_fc_ext_sensor.o(.bss)
    fc_sta                                   0x20000960   Data          11  lx_fc_state.o(.bss)
    rc_in                                    0x2000096c   Data          82  drv_bsp.o(.bss)
    ano_of                                   0x200009d8   Data          60  drv_anoof.o(.bss)
    ubx                                      0x20000a54   Data         100  drv_ubloxgps.o(.bss)
    AdcValue                                 0x20000ab8   Data         100  drv_adc.o(.bss)
    Tx1Buffer                                0x20000b1c   Data         256  drv_uart.o(.bss)
    U1RxDataTmp                              0x20000c1c   Data         100  drv_uart.o(.bss)
    TxBuffer                                 0x20000c80   Data         256  drv_uart.o(.bss)
    U2RxDataTmp                              0x20000d80   Data         100  drv_uart.o(.bss)
    Tx3Buffer                                0x20000de4   Data         256  drv_uart.o(.bss)
    U3RxDataTmp                              0x20000ee4   Data         100  drv_uart.o(.bss)
    Tx4Buffer                                0x20000f48   Data         256  drv_uart.o(.bss)
    U4RxDataTmp                              0x20001048   Data         100  drv_uart.o(.bss)
    Tx5Buffer                                0x200010ac   Data         256  drv_uart.o(.bss)
    U5RxDataTmp                              0x200011ac   Data         100  drv_uart.o(.bss)
    __initial_sp                             0x20001a10   Data           0  startup_stm32f4xx.o(STACK)



==============================================================================

Memory Map of the image

  Image Entry point : 0x08000189

  Load Region LR_IROM1 (Base: 0x08000000, Size: 0x0000cb94, Max: 0x00100000, ABSOLUTE, COMPRESSED[0x0000ca98])

    Execution Region ER_IROM1 (Exec base: 0x08000000, Load base: 0x08000000, Size: 0x0000c9ec, Max: 0x00100000, ABSOLUTE)

    Exec Addr    Load Addr    Size         Type   Attr      Idx    E Section Name        Object

    0x08000000   0x08000000   0x00000188   Data   RO          562    RESET               startup_stm32f4xx.o
    0x08000188   0x08000188   0x00000000   Code   RO          761  * .ARM.Collect$$$$00000000  mc_w.l(entry.o)
    0x08000188   0x08000188   0x00000004   Code   RO          776    .ARM.Collect$$$$00000001  mc_w.l(entry2.o)
    0x0800018c   0x0800018c   0x00000004   Code   RO          779    .ARM.Collect$$$$00000004  mc_w.l(entry5.o)
    0x08000190   0x08000190   0x00000000   Code   RO          781    .ARM.Collect$$$$00000008  mc_w.l(entry7b.o)
    0x08000190   0x08000190   0x00000000   Code   RO          783    .ARM.Collect$$$$0000000A  mc_w.l(entry8b.o)
    0x08000190   0x08000190   0x00000008   Code   RO          784    .ARM.Collect$$$$0000000B  mc_w.l(entry9a.o)
    0x08000198   0x08000198   0x00000000   Code   RO          786    .ARM.Collect$$$$0000000D  mc_w.l(entry10a.o)
    0x08000198   0x08000198   0x00000000   Code   RO          788    .ARM.Collect$$$$0000000F  mc_w.l(entry11a.o)
    0x08000198   0x08000198   0x00000004   Code   RO          777    .ARM.Collect$$$$00002712  mc_w.l(entry2.o)
    0x0800019c   0x0800019c   0x00000014   Code   RO            2    .text               main.o
    0x080001b0   0x080001b0   0x000000b0   Code   RO          112    .text               ano_scheduler.o
    0x08000260   0x08000260   0x000000c8   Code   RO          133    .text               user_task.o
    0x08000328   0x08000328   0x00000794   Code   RO          156    .text               ano_dt_lx.o
    0x08000abc   0x08000abc   0x000004dc   Code   RO          195    .text               ano_lx.o
    0x08000f98   0x08000f98   0x000000e4   Code   RO          242    .text               lx_fc_ext_sensor.o
    0x0800107c   0x0800107c   0x0000029c   Code   RO          265    .text               lx_fc_fun.o
    0x08001318   0x08001318   0x00000284   Code   RO          282    .text               lx_fc_state.o
    0x0800159c   0x0800159c   0x000004d4   Code   RO          305    .text               drv_bsp.o
    0x08001a70   0x08001a70   0x0000087c   Code   RO          331    .text               ano_math.o
    0x080022ec   0x080022ec   0x00000340   Code   RO          353    .text               drv_anoof.o
    0x0800262c   0x0800262c   0x000003a8   Code   RO          376    .text               drv_ubloxgps.o
    0x080029d4   0x080029d4   0x0000007c   Code   RO          396    .text               stm32f4xx_it.o
    0x08002a50   0x08002a50   0x00000108   Code   RO          412    .text               drv_sys.o
    0x08002b58   0x08002b58   0x00000194   Code   RO          440    .text               drv_adc.o
    0x08002cec   0x08002cec   0x0000011c   Code   RO          462    .text               drv_led.o
    0x08002e08   0x08002e08   0x0000037c   Code   RO          484    .text               drv_pwmout.o
    0x08003184   0x08003184   0x000001e4   Code   RO          500    .text               drv_rcin.o
    0x08003368   0x08003368   0x0000008c   Code   RO          517    .text               drv_timer.o
    0x080033f4   0x080033f4   0x00000a50   Code   RO          537    .text               drv_uart.o
    0x08003e44   0x08003e44   0x00000024   Code   RO          563    .text               startup_stm32f4xx.o
    0x08003e68   0x08003e68   0x00000210   Code   RO          568    .text               system_stm32f4xx.o
    0x08004078   0x08004078   0x000001c0   Code   RO          590    .text               misc.o
    0x08004238   0x08004238   0x00000fdc   Code   RO          607    .text               stm32f4xx_adc.o
    0x08005214   0x08005214   0x00001368   Code   RO          624    .text               stm32f4xx_dma.o
    0x0800657c   0x0800657c   0x000002d4   Code   RO          641    .text               stm32f4xx_exti.o
    0x08006850   0x08006850   0x000008c8   Code   RO          675    .text               stm32f4xx_gpio.o
    0x08007118   0x08007118   0x00000cfc   Code   RO          692    .text               stm32f4xx_rcc.o
    0x08007e14   0x08007e14   0x000031ec   Code   RO          728    .text               stm32f4xx_tim.o
    0x0800b000   0x0800b000   0x00000e24   Code   RO          745    .text               stm32f4xx_usart.o
    0x0800be24   0x0800be24   0x0000014e   Code   RO          764    .text               mf_w.l(dadd.o)
    0x0800bf72   0x0800bf72   0x000000e4   Code   RO          766    .text               mf_w.l(dmul.o)
    0x0800c056   0x0800c056   0x00000022   Code   RO          768    .text               mf_w.l(dflti.o)
    0x0800c078   0x0800c078   0x00000030   Code   RO          770    .text               mf_w.l(cdcmple.o)
    0x0800c0a8   0x0800c0a8   0x00000030   Code   RO          772    .text               mf_w.l(cdrcmple.o)
    0x0800c0d8   0x0800c0d8   0x00000038   Code   RO          774    .text               mf_w.l(d2f.o)
    0x0800c110   0x0800c110   0x0000001e   Code   RO          790    .text               mc_w.l(llshl.o)
    0x0800c12e   0x0800c12e   0x00000024   Code   RO          792    .text               mc_w.l(llsshr.o)
    0x0800c152   0x0800c152   0x00000000   Code   RO          794    .text               mc_w.l(iusefp.o)
    0x0800c152   0x0800c152   0x0000006e   Code   RO          795    .text               mf_w.l(fepilogue.o)
    0x0800c1c0   0x0800c1c0   0x000000ba   Code   RO          797    .text               mf_w.l(depilogue.o)
    0x0800c27a   0x0800c27a   0x00000002   PAD
    0x0800c27c   0x0800c27c   0x00000024   Code   RO          799    .text               mc_w.l(init.o)
    0x0800c2a0   0x0800c2a0   0x00000020   Code   RO          801    .text               mc_w.l(llushr.o)
    0x0800c2c0   0x0800c2c0   0x00000056   Code   RO          811    .text               mc_w.l(__dczerorl2.o)
    0x0800c316   0x0800c316   0x0000000e   Code   RO          805    i.__scatterload_copy  mc_w.l(handlers.o)
    0x0800c324   0x0800c324   0x00000002   Code   RO          806    i.__scatterload_null  mc_w.l(handlers.o)
    0x0800c326   0x0800c326   0x0000000e   Code   RO          807    i.__scatterload_zeroinit  mc_w.l(handlers.o)
    0x0800c334   0x0800c334   0x00000404   Data   RO          332    .constdata          ano_math.o
    0x0800c738   0x0800c738   0x00000048   Data   RO          591    .conststring        misc.o
    0x0800c780   0x0800c780   0x00000051   Data   RO          608    .conststring        stm32f4xx_adc.o
    0x0800c7d1   0x0800c7d1   0x00000003   PAD
    0x0800c7d4   0x0800c7d4   0x00000051   Data   RO          625    .conststring        stm32f4xx_dma.o
    0x0800c825   0x0800c825   0x00000003   PAD
    0x0800c828   0x0800c828   0x00000052   Data   RO          642    .conststring        stm32f4xx_exti.o
    0x0800c87a   0x0800c87a   0x00000002   PAD
    0x0800c87c   0x0800c87c   0x00000052   Data   RO          676    .conststring        stm32f4xx_gpio.o
    0x0800c8ce   0x0800c8ce   0x00000002   PAD
    0x0800c8d0   0x0800c8d0   0x00000051   Data   RO          693    .conststring        stm32f4xx_rcc.o
    0x0800c921   0x0800c921   0x00000003   PAD
    0x0800c924   0x0800c924   0x00000051   Data   RO          729    .conststring        stm32f4xx_tim.o
    0x0800c975   0x0800c975   0x00000003   PAD
    0x0800c978   0x0800c978   0x00000053   Data   RO          746    .conststring        stm32f4xx_usart.o
    0x0800c9cb   0x0800c9cb   0x00000001   PAD
    0x0800c9cc   0x0800c9cc   0x00000020   Data   RO          803    Region$$Table       anon$$obj.o


    Execution Region RW_IRAM1 (Exec base: 0x20000000, Load base: 0x0800c9ec, Size: 0x00001a10, Max: 0x00020000, ABSOLUTE, COMPRESSED[0x000000ac])

    Exec Addr    Load Addr    Size         Type   Attr      Idx    E Section Name        Object

    0x20000000   COMPRESSED   0x00000054   Data   RW          113    .data               ano_scheduler.o
    0x20000054   COMPRESSED   0x00000004   Data   RW          134    .data               user_task.o
    0x20000058   COMPRESSED   0x00000006   Data   RW          158    .data               ano_dt_lx.o
    0x2000005e   COMPRESSED   0x0000001e   Data   RW          197    .data               ano_lx.o
    0x2000007c   COMPRESSED   0x00000004   Data   RW          244    .data               lx_fc_ext_sensor.o
    0x20000080   COMPRESSED   0x00000001   Data   RW          266    .data               lx_fc_fun.o
    0x20000081   COMPRESSED   0x00000001   PAD
    0x20000082   COMPRESSED   0x00000006   Data   RW          284    .data               lx_fc_state.o
    0x20000088   COMPRESSED   0x00000013   Data   RW          307    .data               drv_bsp.o
    0x2000009b   COMPRESSED   0x00000003   Data   RW          355    .data               drv_anoof.o
    0x2000009e   COMPRESSED   0x000000b6   Data   RW          378    .data               drv_ubloxgps.o
    0x20000154   COMPRESSED   0x00000004   PAD
    0x20000158   COMPRESSED   0x00000008   Data   RW          413    .data               drv_sys.o
    0x20000160   COMPRESSED   0x0000000c   Data   RW          463    .data               drv_led.o
    0x2000016c   COMPRESSED   0x00000004   Data   RW          501    .data               drv_rcin.o
    0x20000170   COMPRESSED   0x00000014   Data   RW          539    .data               drv_uart.o
    0x20000184   COMPRESSED   0x00000014   Data   RW          569    .data               system_stm32f4xx.o
    0x20000198   COMPRESSED   0x00000010   Data   RW          694    .data               stm32f4xx_rcc.o
    0x200001a8        -       0x00000750   Zero   RW          157    .bss                ano_dt_lx.o
    0x200008f8        -       0x00000038   Zero   RW          196    .bss                ano_lx.o
    0x20000930        -       0x00000030   Zero   RW          243    .bss                lx_fc_ext_sensor.o
    0x20000960        -       0x0000000b   Zero   RW          283    .bss                lx_fc_state.o
    0x2000096b   COMPRESSED   0x00000001   PAD
    0x2000096c        -       0x0000006b   Zero   RW          306    .bss                drv_bsp.o
    0x200009d7   COMPRESSED   0x00000001   PAD
    0x200009d8        -       0x0000007c   Zero   RW          354    .bss                drv_anoof.o
    0x20000a54        -       0x00000064   Zero   RW          377    .bss                drv_ubloxgps.o
    0x20000ab8        -       0x00000064   Zero   RW          441    .bss                drv_adc.o
    0x20000b1c        -       0x000006f4   Zero   RW          538    .bss                drv_uart.o
    0x20001210        -       0x00000800   Zero   RW          560    STACK               startup_stm32f4xx.o


==============================================================================

Image component sizes


      Code (inc. data)   RO Data    RW Data    ZI Data      Debug   Object Name

      1940         84          0          6       1872       6410   ano_dt_lx.o
      1244        110          0         30         56       5574   ano_lx.o
      2172        142       1028          0          0       7914   ano_math.o
       176          4          0         84          0       2064   ano_scheduler.o
       404         36          0          0        100       2041   drv_adc.o
       832         36          0          3        124       3286   drv_anoof.o
      1236         62          0         19        107       3766   drv_bsp.o
       284         12          0         12          0       2662   drv_led.o
       892         38          0          0          0       1923   drv_pwmout.o
       484         20          0          4          0       1500   drv_rcin.o
       264         12          0          8          0      20489   drv_sys.o
       140          4          0          0          0        975   drv_timer.o
      2640        170          0         20       1780       9159   drv_uart.o
       936         82          0        182        100       3567   drv_ubloxgps.o
       228         30          0          4         48       2823   lx_fc_ext_sensor.o
       668         12          0          1          0       2784   lx_fc_fun.o
       644         30          0          6         11       2183   lx_fc_state.o
        20          0          0          0          0     300185   main.o
       448         30         72          0          0       2389   misc.o
        36          8        392          0       2048        996   startup_stm32f4xx.o
      4060        104         81          0          0      13702   stm32f4xx_adc.o
      4968        316         81          0          0       9317   stm32f4xx_dma.o
       724         14         82          0          0       3063   stm32f4xx_exti.o
      2248         86         82          0          0       5765   stm32f4xx_gpio.o
       124          4          0          0          0       2378   stm32f4xx_it.o
      3324        218         81         16          0      13959   stm32f4xx_rcc.o
     12780        628         81          0          0      31560   stm32f4xx_tim.o
      3620        116         83          0          0      10432   stm32f4xx_usart.o
       528         46          0         20          0       2355   system_stm32f4xx.o
       200         22          0          4          0        769   user_task.o

    ----------------------------------------------------------------------
     48264       2476       2112        424       6248     475990   Object Totals
         0          0         32          0          0          0   (incl. Generated)
         0          0         17          5          2          0   (incl. Padding)

    ----------------------------------------------------------------------

      Code (inc. data)   RO Data    RW Data    ZI Data      Debug   Library Member Name

        86          0          0          0          0          0   __dczerorl2.o
         0          0          0          0          0          0   entry.o
         0          0          0          0          0          0   entry10a.o
         0          0          0          0          0          0   entry11a.o
         8          4          0          0          0          0   entry2.o
         4          0          0          0          0          0   entry5.o
         0          0          0          0          0          0   entry7b.o
         0          0          0          0          0          0   entry8b.o
         8          4          0          0          0          0   entry9a.o
        30          0          0          0          0          0   handlers.o
        36          8          0          0          0         68   init.o
         0          0          0          0          0          0   iusefp.o
        30          0          0          0          0         68   llshl.o
        36          0          0          0          0         68   llsshr.o
        32          0          0          0          0         68   llushr.o
        48          0          0          0          0         68   cdcmple.o
        48          0          0          0          0         68   cdrcmple.o
        56          0          0          0          0         88   d2f.o
       334          0          0          0          0        148   dadd.o
       186          0          0          0          0        176   depilogue.o
        34          0          0          0          0         76   dflti.o
       228          0          0          0          0         96   dmul.o
       110          0          0          0          0        168   fepilogue.o

    ----------------------------------------------------------------------
      1316         16          0          0          0       1160   Library Totals
         2          0          0          0          0          0   (incl. Padding)

    ----------------------------------------------------------------------

      Code (inc. data)   RO Data    RW Data    ZI Data      Debug   Library Name

       270         16          0          0          0        272   mc_w.l
      1044          0          0          0          0        888   mf_w.l

    ----------------------------------------------------------------------
      1316         16          0          0          0       1160   Library Totals

    ----------------------------------------------------------------------

==============================================================================


      Code (inc. data)   RO Data    RW Data    ZI Data      Debug   

     49580       2492       2112        424       6248     471914   Grand Totals
     49580       2492       2112        172       6248     471914   ELF Image Totals (compressed)
     49580       2492       2112        172          0          0   ROM Totals

==============================================================================

    Total RO  Size (Code + RO Data)                51692 (  50.48kB)
    Total RW  Size (RW Data + ZI Data)              6672 (   6.52kB)
    Total ROM Size (Code + RO Data + RW Data)      51864 (  50.65kB)

==============================================================================

